core_cm4.h:2064:26:ITM_SendChar	16	static,ignoring_inline_asm
main.c:83:5:_write	32	static
main.c:93:6:HAL_GPIO_EXTI_Callback	24	static
main.c:126:6:process_pack_motor	32	static
main.c:211:6:process_pack_led	8	static
main.c:269:6:read_pack	24	static
main.c:311:6:HAL_TIM_PeriodElapsedCallback	16	static
main.c:320:6:HAL_UART_RxCpltCallback	16	static
main.c:367:5:main	8	static
main.c:481:6:SystemClock_Config	88	static
main.c:525:13:MX_TIM3_Init	64	static
main.c:588:13:MX_USART3_UART_Init	8	static
main.c:621:13:MX_GPIO_Init	56	static
main.c:736:6:Error_Handler	4	static
