15:54:49 **** Incremental Build of configuration Debug for project Robo_v7 ****
make -j4 all 
arm-none-eabi-size   Robo_v7.elf 
   text	   data	    bss	    dec	    hex	filename
  42372	    120	  53864	  96356	  17864	Robo_v7.elf
Finished building: default.size.stdout
 
15:55:01 **** Incremental Build of configuration Debug for project Robo_v7 ****
make -j4 all 
arm-none-eabi-size   Robo_v7.elf 
   text	   data	    bss	    dec	    hex	filename
  42372	    120	  53864	  96356	  17864	Robo_v7.elf
Finished building: default.size.stdout
 
16:35:27 **** Incremental Build of configuration Debug for project Robo_v7 ****
make -j4 all 
arm-none-eabi-gcc "../Src/ov7670.c" -mcpu=cortex-m4 -std=gnu11 -g3 -DUSE_HAL_DRIVER -DDEBUG -DSTM32F407xx -c -I../Inc -I../Drivers/CMSIS/Include -I../Drivers/STM32F4xx_HAL_Driver/Inc -I../Drivers/CMSIS/Device/ST/STM32F4xx/Include -I../Drivers/STM32F4xx_HAL_Driver/Inc/Legacy -O0 -ffunction-sections -fdata-sections -Wall -fstack-usage -MMD -MP -MF"Src/ov7670.d" -MT"Src/ov7670.o" --specs=nano.specs -mfpu=fpv4-sp-d16 -mfloat-abi=hard -mthumb -o "Src/ov7670.o"
../Src/ov7670.c: In function 'ov7670_init':
../Src/ov7670.c:52:7: warning: unused variable 'stat' [-Wunused-variable]
   RET stat = ov7670_read(0x0b, buffer);
       ^~~~
arm-none-eabi-gcc -o "Robo_v7.elf" @"objects.list"   -mcpu=cortex-m4 -T"C:\Users\lewy\STM32CubeIDE\robo_v7_camera\Robo_v7\STM32F407VGTX_FLASH.ld" --specs=nosys.specs -Wl,-Map="Robo_v7.map" -Wl,--gc-sections -static --specs=nano.specs -mfpu=fpv4-sp-d16 -mfloat-abi=hard -mthumb -Wl,--start-group -lc -lm -Wl,--end-group
Finished building target: Robo_v7.elf
 
arm-none-eabi-objdump -h -S  Robo_v7.elf  > "Robo_v7.list"
arm-none-eabi-objcopy  -O binary  Robo_v7.elf  "Robo_v7.bin"
arm-none-eabi-size   Robo_v7.elf 
   text	   data	    bss	    dec	    hex	filename
  42372	    120	  53864	  96356	  17864	Robo_v7.elf
Finished building: default.size.stdout
 
Finished building: Robo_v7.bin
 
Finished building: Robo_v7.list
 
16:37:41 **** Incremental Build of configuration Debug for project Robo_v7 ****
make -j4 all 
arm-none-eabi-gcc "../Src/main.c" -mcpu=cortex-m4 -std=gnu11 -g3 -DUSE_HAL_DRIVER -DDEBUG -DSTM32F407xx -c -I../Inc -I../Drivers/CMSIS/Include -I../Drivers/STM32F4xx_HAL_Driver/Inc -I../Drivers/CMSIS/Device/ST/STM32F4xx/Include -I../Drivers/STM32F4xx_HAL_Driver/Inc/Legacy -O0 -ffunction-sections -fdata-sections -Wall -fstack-usage -MMD -MP -MF"Src/main.d" -MT"Src/main.o" --specs=nano.specs -mfpu=fpv4-sp-d16 -mfloat-abi=hard -mthumb -o "Src/main.o"
../Src/main.c: In function 'main':
../Src/main.c:203:35: warning: passing argument 2 of 'HAL_UART_Transmit_IT' from incompatible pointer type [-Wincompatible-pointer-types]
     HAL_UART_Transmit_IT(&huart3, cam_buf, n);
                                   ^~~~~~~
In file included from ../Inc/stm32f4xx_hal_conf.h:364:0,
                 from ../Drivers/STM32F4xx_HAL_Driver/Inc/stm32f4xx_hal.h:30,
                 from ../Inc/main.h:31,
                 from ../Src/main.c:22:
../Drivers/STM32F4xx_HAL_Driver/Inc/stm32f4xx_hal_uart.h:698:19: note: expected 'uint8_t * {aka unsigned char *}' but argument is of type 'uint16_t * {aka short unsigned int *}'
 HAL_StatusTypeDef HAL_UART_Transmit_IT(UART_HandleTypeDef *huart, uint8_t *pData, uint16_t Size);
                   ^~~~~~~~~~~~~~~~~~~~
arm-none-eabi-gcc -o "Robo_v7.elf" @"objects.list"   -mcpu=cortex-m4 -T"C:\Users\lewy\STM32CubeIDE\robo_v7_camera\Robo_v7\STM32F407VGTX_FLASH.ld" --specs=nosys.specs -Wl,-Map="Robo_v7.map" -Wl,--gc-sections -static --specs=nano.specs -mfpu=fpv4-sp-d16 -mfloat-abi=hard -mthumb -Wl,--start-group -lc -lm -Wl,--end-group
Finished building target: Robo_v7.elf
 
arm-none-eabi-objdump -h -S  Robo_v7.elf  > "Robo_v7.list"
arm-none-eabi-objcopy  -O binary  Robo_v7.elf  "Robo_v7.bin"
arm-none-eabi-size   Robo_v7.elf 
   text	   data	    bss	    dec	    hex	filename
  42344	    120	  53520	  95984	  176f0	Robo_v7.elf
Finished building: default.size.stdout
 
Finished building: Robo_v7.bin
 
Finished building: Robo_v7.list
 
16:39:41 **** Incremental Build of configuration Debug for project Robo_v7 ****
make -j4 all 
arm-none-eabi-gcc "../Src/ov7670.c" -mcpu=cortex-m4 -std=gnu11 -g3 -DUSE_HAL_DRIVER -DDEBUG -DSTM32F407xx -c -I../Inc -I../Drivers/CMSIS/Include -I../Drivers/STM32F4xx_HAL_Driver/Inc -I../Drivers/CMSIS/Device/ST/STM32F4xx/Include -I../Drivers/STM32F4xx_HAL_Driver/Inc/Legacy -O0 -ffunction-sections -fdata-sections -Wall -fstack-usage -MMD -MP -MF"Src/ov7670.d" -MT"Src/ov7670.o" --specs=nano.specs -mfpu=fpv4-sp-d16 -mfloat-abi=hard -mthumb -o "Src/ov7670.o"
../Src/ov7670.c: In function 'ov7670_init':
../Src/ov7670.c:52:7: warning: unused variable 'stat' [-Wunused-variable]
   RET stat = ov7670_read(0x0b, buffer);
       ^~~~
arm-none-eabi-gcc -o "Robo_v7.elf" @"objects.list"   -mcpu=cortex-m4 -T"C:\Users\lewy\STM32CubeIDE\robo_v7_camera\Robo_v7\STM32F407VGTX_FLASH.ld" --specs=nosys.specs -Wl,-Map="Robo_v7.map" -Wl,--gc-sections -static --specs=nano.specs -mfpu=fpv4-sp-d16 -mfloat-abi=hard -mthumb -Wl,--start-group -lc -lm -Wl,--end-group
Finished building target: Robo_v7.elf
 
arm-none-eabi-objdump -h -S  Robo_v7.elf  > "Robo_v7.list"
arm-none-eabi-objcopy  -O binary  Robo_v7.elf  "Robo_v7.bin"
arm-none-eabi-size   Robo_v7.elf 
   text	   data	    bss	    dec	    hex	filename
  42308	    120	  53520	  95948	  176cc	Robo_v7.elf
Finished building: default.size.stdout
 
Finished building: Robo_v7.bin
 
Finished building: Robo_v7.list
 
16:40:54 **** Incremental Build of configuration Debug for project Robo_v7 ****
make -j4 all 
arm-none-eabi-gcc "../Src/ov7670.c" -mcpu=cortex-m4 -std=gnu11 -g3 -DUSE_HAL_DRIVER -DDEBUG -DSTM32F407xx -c -I../Inc -I../Drivers/CMSIS/Include -I../Drivers/STM32F4xx_HAL_Driver/Inc -I../Drivers/CMSIS/Device/ST/STM32F4xx/Include -I../Drivers/STM32F4xx_HAL_Driver/Inc/Legacy -O0 -ffunction-sections -fdata-sections -Wall -fstack-usage -MMD -MP -MF"Src/ov7670.d" -MT"Src/ov7670.o" --specs=nano.specs -mfpu=fpv4-sp-d16 -mfloat-abi=hard -mthumb -o "Src/ov7670.o"
../Src/ov7670.c: In function 'ov7670_init':
../Src/ov7670.c:52:7: warning: unused variable 'stat' [-Wunused-variable]
   RET stat = ov7670_read(0x0b, buffer);
       ^~~~
arm-none-eabi-gcc -o "Robo_v7.elf" @"objects.list"   -mcpu=cortex-m4 -T"C:\Users\lewy\STM32CubeIDE\robo_v7_camera\Robo_v7\STM32F407VGTX_FLASH.ld" --specs=nosys.specs -Wl,-Map="Robo_v7.map" -Wl,--gc-sections -static --specs=nano.specs -mfpu=fpv4-sp-d16 -mfloat-abi=hard -mthumb -Wl,--start-group -lc -lm -Wl,--end-group
Finished building target: Robo_v7.elf
 
arm-none-eabi-objdump -h -S  Robo_v7.elf  > "Robo_v7.list"
arm-none-eabi-objcopy  -O binary  Robo_v7.elf  "Robo_v7.bin"
arm-none-eabi-size   Robo_v7.elf 
   text	   data	    bss	    dec	    hex	filename
  42340	    120	  53520	  95980	  176ec	Robo_v7.elf
Finished building: default.size.stdout
 
Finished building: Robo_v7.bin
 
Finished building: Robo_v7.list
 
16:42:06 **** Incremental Build of configuration Debug for project Robo_v7 ****
make -j4 all 
arm-none-eabi-gcc "../Src/ov7670.c" -mcpu=cortex-m4 -std=gnu11 -g3 -DUSE_HAL_DRIVER -DDEBUG -DSTM32F407xx -c -I../Inc -I../Drivers/CMSIS/Include -I../Drivers/STM32F4xx_HAL_Driver/Inc -I../Drivers/CMSIS/Device/ST/STM32F4xx/Include -I../Drivers/STM32F4xx_HAL_Driver/Inc/Legacy -O0 -ffunction-sections -fdata-sections -Wall -fstack-usage -MMD -MP -MF"Src/ov7670.d" -MT"Src/ov7670.o" --specs=nano.specs -mfpu=fpv4-sp-d16 -mfloat-abi=hard -mthumb -o "Src/ov7670.o"
../Src/ov7670.c: In function 'ov7670_init':
../Src/ov7670.c:52:7: warning: unused variable 'stat' [-Wunused-variable]
   RET stat = ov7670_read(0x0b, buffer);
       ^~~~
arm-none-eabi-gcc -o "Robo_v7.elf" @"objects.list"   -mcpu=cortex-m4 -T"C:\Users\lewy\STM32CubeIDE\robo_v7_camera\Robo_v7\STM32F407VGTX_FLASH.ld" --specs=nosys.specs -Wl,-Map="Robo_v7.map" -Wl,--gc-sections -static --specs=nano.specs -mfpu=fpv4-sp-d16 -mfloat-abi=hard -mthumb -Wl,--start-group -lc -lm -Wl,--end-group
Finished building target: Robo_v7.elf
 
arm-none-eabi-objdump -h -S  Robo_v7.elf  > "Robo_v7.list"
arm-none-eabi-objcopy  -O binary  Robo_v7.elf  "Robo_v7.bin"
arm-none-eabi-size   Robo_v7.elf 
   text	   data	    bss	    dec	    hex	filename
  42360	    120	  53520	  96000	  17700	Robo_v7.elf
Finished building: default.size.stdout
 
Finished building: Robo_v7.bin
 
Finished building: Robo_v7.list
 
16:43:15 **** Incremental Build of configuration Debug for project Robo_v7 ****
make -j4 all 
arm-none-eabi-gcc "../Src/ov7670.c" -mcpu=cortex-m4 -std=gnu11 -g3 -DUSE_HAL_DRIVER -DDEBUG -DSTM32F407xx -c -I../Inc -I../Drivers/CMSIS/Include -I../Drivers/STM32F4xx_HAL_Driver/Inc -I../Drivers/CMSIS/Device/ST/STM32F4xx/Include -I../Drivers/STM32F4xx_HAL_Driver/Inc/Legacy -O0 -ffunction-sections -fdata-sections -Wall -fstack-usage -MMD -MP -MF"Src/ov7670.d" -MT"Src/ov7670.o" --specs=nano.specs -mfpu=fpv4-sp-d16 -mfloat-abi=hard -mthumb -o "Src/ov7670.o"
../Src/ov7670.c: In function 'ov7670_init':
../Src/ov7670.c:52:7: warning: unused variable 'stat' [-Wunused-variable]
   RET stat = ov7670_read(0x0b, buffer);
       ^~~~
arm-none-eabi-gcc -o "Robo_v7.elf" @"objects.list"   -mcpu=cortex-m4 -T"C:\Users\lewy\STM32CubeIDE\robo_v7_camera\Robo_v7\STM32F407VGTX_FLASH.ld" --specs=nosys.specs -Wl,-Map="Robo_v7.map" -Wl,--gc-sections -static --specs=nano.specs -mfpu=fpv4-sp-d16 -mfloat-abi=hard -mthumb -Wl,--start-group -lc -lm -Wl,--end-group
Finished building target: Robo_v7.elf
 
arm-none-eabi-objdump -h -S  Robo_v7.elf  > "Robo_v7.list"
arm-none-eabi-objcopy  -O binary  Robo_v7.elf  "Robo_v7.bin"
arm-none-eabi-size   Robo_v7.elf 
   text	   data	    bss	    dec	    hex	filename
  42372	    120	  53520	  96012	  1770c	Robo_v7.elf
Finished building: default.size.stdout
 
Finished building: Robo_v7.bin
 
Finished building: Robo_v7.list
 
16:47:10 **** Incremental Build of configuration Debug for project Robo_v7 ****
make -j4 all 
arm-none-eabi-gcc "../Src/ov7670.c" -mcpu=cortex-m4 -std=gnu11 -g3 -DUSE_HAL_DRIVER -DDEBUG -DSTM32F407xx -c -I../Inc -I../Drivers/CMSIS/Include -I../Drivers/STM32F4xx_HAL_Driver/Inc -I../Drivers/CMSIS/Device/ST/STM32F4xx/Include -I../Drivers/STM32F4xx_HAL_Driver/Inc/Legacy -O0 -ffunction-sections -fdata-sections -Wall -fstack-usage -MMD -MP -MF"Src/ov7670.d" -MT"Src/ov7670.o" --specs=nano.specs -mfpu=fpv4-sp-d16 -mfloat-abi=hard -mthumb -o "Src/ov7670.o"
../Src/ov7670.c: In function 'ov7670_init':
../Src/ov7670.c:52:7: warning: unused variable 'stat' [-Wunused-variable]
   RET stat = ov7670_read(0x0b, buffer);
       ^~~~
arm-none-eabi-gcc -o "Robo_v7.elf" @"objects.list"   -mcpu=cortex-m4 -T"C:\Users\lewy\STM32CubeIDE\robo_v7_camera\Robo_v7\STM32F407VGTX_FLASH.ld" --specs=nosys.specs -Wl,-Map="Robo_v7.map" -Wl,--gc-sections -static --specs=nano.specs -mfpu=fpv4-sp-d16 -mfloat-abi=hard -mthumb -Wl,--start-group -lc -lm -Wl,--end-group
Finished building target: Robo_v7.elf
 
arm-none-eabi-objdump -h -S  Robo_v7.elf  > "Robo_v7.list"
arm-none-eabi-objcopy  -O binary  Robo_v7.elf  "Robo_v7.bin"
arm-none-eabi-size   Robo_v7.elf 
   text	   data	    bss	    dec	    hex	filename
  42372	    120	  53520	  96012	  1770c	Robo_v7.elf
Finished building: default.size.stdout
 
Finished building: Robo_v7.bin
 
Finished building: Robo_v7.list
 
16:47:21 **** Incremental Build of configuration Debug for project Robo_v7 ****
make -j4 all 
arm-none-eabi-size   Robo_v7.elf 
   text	   data	    bss	    dec	    hex	filename
  42372	    120	  53520	  96012	  1770c	Robo_v7.elf
Finished building: default.size.stdout
 
16:48:51 **** Incremental Build of configuration Debug for project Robo_v7 ****
make -j4 all 
arm-none-eabi-gcc "../Src/ov7670.c" -mcpu=cortex-m4 -std=gnu11 -g3 -DUSE_HAL_DRIVER -DDEBUG -DSTM32F407xx -c -I../Inc -I../Drivers/CMSIS/Include -I../Drivers/STM32F4xx_HAL_Driver/Inc -I../Drivers/CMSIS/Device/ST/STM32F4xx/Include -I../Drivers/STM32F4xx_HAL_Driver/Inc/Legacy -O0 -ffunction-sections -fdata-sections -Wall -fstack-usage -MMD -MP -MF"Src/ov7670.d" -MT"Src/ov7670.o" --specs=nano.specs -mfpu=fpv4-sp-d16 -mfloat-abi=hard -mthumb -o "Src/ov7670.o"
../Src/ov7670.c: In function 'ov7670_init':
../Src/ov7670.c:52:7: warning: unused variable 'stat' [-Wunused-variable]
   RET stat = ov7670_read(0x0b, buffer);
       ^~~~
arm-none-eabi-gcc -o "Robo_v7.elf" @"objects.list"   -mcpu=cortex-m4 -T"C:\Users\lewy\STM32CubeIDE\robo_v7_camera\Robo_v7\STM32F407VGTX_FLASH.ld" --specs=nosys.specs -Wl,-Map="Robo_v7.map" -Wl,--gc-sections -static --specs=nano.specs -mfpu=fpv4-sp-d16 -mfloat-abi=hard -mthumb -Wl,--start-group -lc -lm -Wl,--end-group
Finished building target: Robo_v7.elf
 
arm-none-eabi-objdump -h -S  Robo_v7.elf  > "Robo_v7.list"
arm-none-eabi-objcopy  -O binary  Robo_v7.elf  "Robo_v7.bin"
arm-none-eabi-size   Robo_v7.elf 
   text	   data	    bss	    dec	    hex	filename
  42340	    120	  53520	  95980	  176ec	Robo_v7.elf
Finished building: default.size.stdout
 
Finished building: Robo_v7.bin
 
Finished building: Robo_v7.list
 
16:50:29 **** Incremental Build of configuration Debug for project Robo_v7 ****
make -j4 all 
arm-none-eabi-gcc "../Src/main.c" -mcpu=cortex-m4 -std=gnu11 -g3 -DUSE_HAL_DRIVER -DDEBUG -DSTM32F407xx -c -I../Inc -I../Drivers/CMSIS/Include -I../Drivers/STM32F4xx_HAL_Driver/Inc -I../Drivers/CMSIS/Device/ST/STM32F4xx/Include -I../Drivers/STM32F4xx_HAL_Driver/Inc/Legacy -O0 -ffunction-sections -fdata-sections -Wall -fstack-usage -MMD -MP -MF"Src/main.d" -MT"Src/main.o" --specs=nano.specs -mfpu=fpv4-sp-d16 -mfloat-abi=hard -mthumb -o "Src/main.o"
../Src/main.c: In function 'main':
../Src/main.c:203:35: warning: passing argument 2 of 'HAL_UART_Transmit_IT' from incompatible pointer type [-Wincompatible-pointer-types]
     HAL_UART_Transmit_IT(&huart3, cam_buf, n);
                                   ^~~~~~~
In file included from ../Inc/stm32f4xx_hal_conf.h:364:0,
                 from ../Drivers/STM32F4xx_HAL_Driver/Inc/stm32f4xx_hal.h:30,
                 from ../Inc/main.h:31,
                 from ../Src/main.c:22:
../Drivers/STM32F4xx_HAL_Driver/Inc/stm32f4xx_hal_uart.h:698:19: note: expected 'uint8_t * {aka unsigned char *}' but argument is of type 'uint16_t * {aka short unsigned int *}'
 HAL_StatusTypeDef HAL_UART_Transmit_IT(UART_HandleTypeDef *huart, uint8_t *pData, uint16_t Size);
                   ^~~~~~~~~~~~~~~~~~~~
arm-none-eabi-gcc -o "Robo_v7.elf" @"objects.list"   -mcpu=cortex-m4 -T"C:\Users\lewy\STM32CubeIDE\robo_v7_camera\Robo_v7\STM32F407VGTX_FLASH.ld" --specs=nosys.specs -Wl,-Map="Robo_v7.map" -Wl,--gc-sections -static --specs=nano.specs -mfpu=fpv4-sp-d16 -mfloat-abi=hard -mthumb -Wl,--start-group -lc -lm -Wl,--end-group
c:\st\stm32cubeide_1.2.0\stm32cubeide\plugins\com.st.stm32cube.ide.mcu.externaltools.gnu-tools-for-stm32.7-2018-q2-update.win32_1.0.0.201904181610\tools\arm-none-eabi\bin\ld.exe: Robo_v7.elf section `.bss' will not fit in region `RAM'
c:\st\stm32cubeide_1.2.0\stm32cubeide\plugins\com.st.stm32cube.ide.mcu.externaltools.gnu-tools-for-stm32.7-2018-q2-update.win32_1.0.0.201904181610\tools\arm-none-eabi\bin\ld.exe: region `RAM' overflowed by 26048 bytes
collect2.exe: error: ld returned 1 exit status
make: *** [makefile:44: Robo_v7.elf] Error 1
"make -j4 all" terminated with exit code 2. Build might be incomplete.
16:53:59 **** Incremental Build of configuration Debug for project Robo_v7 ****
make -j4 all 
arm-none-eabi-gcc "../Src/main.c" -mcpu=cortex-m4 -std=gnu11 -g3 -DUSE_HAL_DRIVER -DDEBUG -DSTM32F407xx -c -I../Inc -I../Drivers/CMSIS/Include -I../Drivers/STM32F4xx_HAL_Driver/Inc -I../Drivers/CMSIS/Device/ST/STM32F4xx/Include -I../Drivers/STM32F4xx_HAL_Driver/Inc/Legacy -O0 -ffunction-sections -fdata-sections -Wall -fstack-usage -MMD -MP -MF"Src/main.d" -MT"Src/main.o" --specs=nano.specs -mfpu=fpv4-sp-d16 -mfloat-abi=hard -mthumb -o "Src/main.o"
arm-none-eabi-gcc "../Src/ov7670.c" -mcpu=cortex-m4 -std=gnu11 -g3 -DUSE_HAL_DRIVER -DDEBUG -DSTM32F407xx -c -I../Inc -I../Drivers/CMSIS/Include -I../Drivers/STM32F4xx_HAL_Driver/Inc -I../Drivers/CMSIS/Device/ST/STM32F4xx/Include -I../Drivers/STM32F4xx_HAL_Driver/Inc/Legacy -O0 -ffunction-sections -fdata-sections -Wall -fstack-usage -MMD -MP -MF"Src/ov7670.d" -MT"Src/ov7670.o" --specs=nano.specs -mfpu=fpv4-sp-d16 -mfloat-abi=hard -mthumb -o "Src/ov7670.o"
../Src/main.c: In function 'main':
../Src/main.c:203:35: warning: passing argument 2 of 'HAL_UART_Transmit_IT' from incompatible pointer type [-Wincompatible-pointer-types]
     HAL_UART_Transmit_IT(&huart3, cam_buf, n);
                                   ^~~~~~~
In file included from ../Inc/stm32f4xx_hal_conf.h:364:0,
                 from ../Drivers/STM32F4xx_HAL_Driver/Inc/stm32f4xx_hal.h:30,
                 from ../Inc/main.h:31,
                 from ../Src/main.c:22:
../Drivers/STM32F4xx_HAL_Driver/Inc/stm32f4xx_hal_uart.h:698:19: note: expected 'uint8_t * {aka unsigned char *}' but argument is of type 'uint16_t * {aka short unsigned int *}'
 HAL_StatusTypeDef HAL_UART_Transmit_IT(UART_HandleTypeDef *huart, uint8_t *pData, uint16_t Size);
                   ^~~~~~~~~~~~~~~~~~~~
../Src/ov7670.c: In function 'ov7670_init':
../Src/ov7670.c:52:7: warning: unused variable 'stat' [-Wunused-variable]
   RET stat = ov7670_read(0x0b, buffer);
       ^~~~
arm-none-eabi-gcc -o "Robo_v7.elf" @"objects.list"   -mcpu=cortex-m4 -T"C:\Users\lewy\STM32CubeIDE\robo_v7_camera\Robo_v7\STM32F407VGTX_FLASH.ld" --specs=nosys.specs -Wl,-Map="Robo_v7.map" -Wl,--gc-sections -static --specs=nano.specs -mfpu=fpv4-sp-d16 -mfloat-abi=hard -mthumb -Wl,--start-group -lc -lm -Wl,--end-group
Finished building target: Robo_v7.elf
 
arm-none-eabi-objdump -h -S  Robo_v7.elf  > "Robo_v7.list"
arm-none-eabi-objcopy  -O binary  Robo_v7.elf  "Robo_v7.bin"
arm-none-eabi-size   Robo_v7.elf 
   text	   data	    bss	    dec	    hex	filename
  42316	    120	  53520	  95956	  176d4	Robo_v7.elf
Finished building: default.size.stdout
 
Finished building: Robo_v7.bin
 
Finished building: Robo_v7.list
 
16:59:26 **** Incremental Build of configuration Debug for project Robo_v7 ****
make -j4 all 
arm-none-eabi-gcc "../Src/ov7670.c" -mcpu=cortex-m4 -std=gnu11 -g3 -DUSE_HAL_DRIVER -DDEBUG -DSTM32F407xx -c -I../Inc -I../Drivers/CMSIS/Include -I../Drivers/STM32F4xx_HAL_Driver/Inc -I../Drivers/CMSIS/Device/ST/STM32F4xx/Include -I../Drivers/STM32F4xx_HAL_Driver/Inc/Legacy -O0 -ffunction-sections -fdata-sections -Wall -fstack-usage -MMD -MP -MF"Src/ov7670.d" -MT"Src/ov7670.o" --specs=nano.specs -mfpu=fpv4-sp-d16 -mfloat-abi=hard -mthumb -o "Src/ov7670.o"
../Src/ov7670.c: In function 'ov7670_init':
../Src/ov7670.c:52:7: warning: unused variable 'stat' [-Wunused-variable]
   RET stat = ov7670_read(0x0b, buffer);
       ^~~~
arm-none-eabi-gcc -o "Robo_v7.elf" @"objects.list"   -mcpu=cortex-m4 -T"C:\Users\lewy\STM32CubeIDE\robo_v7_camera\Robo_v7\STM32F407VGTX_FLASH.ld" --specs=nosys.specs -Wl,-Map="Robo_v7.map" -Wl,--gc-sections -static --specs=nano.specs -mfpu=fpv4-sp-d16 -mfloat-abi=hard -mthumb -Wl,--start-group -lc -lm -Wl,--end-group
Finished building target: Robo_v7.elf
 
arm-none-eabi-objdump -h -S  Robo_v7.elf  > "Robo_v7.list"
arm-none-eabi-objcopy  -O binary  Robo_v7.elf  "Robo_v7.bin"
arm-none-eabi-size   Robo_v7.elf 
   text	   data	    bss	    dec	    hex	filename
  42340	    120	  53520	  95980	  176ec	Robo_v7.elf
Finished building: default.size.stdout
 
Finished building: Robo_v7.bin
 
Finished building: Robo_v7.list
 
17:01:50 **** Incremental Build of configuration Debug for project Robo_v7 ****
make -j4 all 
arm-none-eabi-gcc "../Src/ov7670.c" -mcpu=cortex-m4 -std=gnu11 -g3 -DUSE_HAL_DRIVER -DDEBUG -DSTM32F407xx -c -I../Inc -I../Drivers/CMSIS/Include -I../Drivers/STM32F4xx_HAL_Driver/Inc -I../Drivers/CMSIS/Device/ST/STM32F4xx/Include -I../Drivers/STM32F4xx_HAL_Driver/Inc/Legacy -O0 -ffunction-sections -fdata-sections -Wall -fstack-usage -MMD -MP -MF"Src/ov7670.d" -MT"Src/ov7670.o" --specs=nano.specs -mfpu=fpv4-sp-d16 -mfloat-abi=hard -mthumb -o "Src/ov7670.o"
../Src/ov7670.c: In function 'ov7670_init':
../Src/ov7670.c:52:7: warning: unused variable 'stat' [-Wunused-variable]
   RET stat = ov7670_read(0x0b, buffer);
       ^~~~
arm-none-eabi-gcc -o "Robo_v7.elf" @"objects.list"   -mcpu=cortex-m4 -T"C:\Users\lewy\STM32CubeIDE\robo_v7_camera\Robo_v7\STM32F407VGTX_FLASH.ld" --specs=nosys.specs -Wl,-Map="Robo_v7.map" -Wl,--gc-sections -static --specs=nano.specs -mfpu=fpv4-sp-d16 -mfloat-abi=hard -mthumb -Wl,--start-group -lc -lm -Wl,--end-group
Finished building target: Robo_v7.elf
 
arm-none-eabi-objdump -h -S  Robo_v7.elf  > "Robo_v7.list"
arm-none-eabi-objcopy  -O binary  Robo_v7.elf  "Robo_v7.bin"
arm-none-eabi-size   Robo_v7.elf 
   text	   data	    bss	    dec	    hex	filename
  42340	    120	  53520	  95980	  176ec	Robo_v7.elf
Finished building: default.size.stdout
 
Finished building: Robo_v7.bin
 
Finished building: Robo_v7.list
 
17:04:04 **** Incremental Build of configuration Debug for project Robo_v7 ****
make -j4 all 
arm-none-eabi-gcc "../Src/ov7670.c" -mcpu=cortex-m4 -std=gnu11 -g3 -DUSE_HAL_DRIVER -DDEBUG -DSTM32F407xx -c -I../Inc -I../Drivers/CMSIS/Include -I../Drivers/STM32F4xx_HAL_Driver/Inc -I../Drivers/CMSIS/Device/ST/STM32F4xx/Include -I../Drivers/STM32F4xx_HAL_Driver/Inc/Legacy -O0 -ffunction-sections -fdata-sections -Wall -fstack-usage -MMD -MP -MF"Src/ov7670.d" -MT"Src/ov7670.o" --specs=nano.specs -mfpu=fpv4-sp-d16 -mfloat-abi=hard -mthumb -o "Src/ov7670.o"
../Src/ov7670.c: In function 'ov7670_init':
../Src/ov7670.c:52:7: warning: unused variable 'stat' [-Wunused-variable]
   RET stat = ov7670_read(0x0b, buffer);
       ^~~~
arm-none-eabi-gcc -o "Robo_v7.elf" @"objects.list"   -mcpu=cortex-m4 -T"C:\Users\lewy\STM32CubeIDE\robo_v7_camera\Robo_v7\STM32F407VGTX_FLASH.ld" --specs=nosys.specs -Wl,-Map="Robo_v7.map" -Wl,--gc-sections -static --specs=nano.specs -mfpu=fpv4-sp-d16 -mfloat-abi=hard -mthumb -Wl,--start-group -lc -lm -Wl,--end-group
Finished building target: Robo_v7.elf
 
arm-none-eabi-objdump -h -S  Robo_v7.elf  > "Robo_v7.list"
arm-none-eabi-objcopy  -O binary  Robo_v7.elf  "Robo_v7.bin"
arm-none-eabi-size   Robo_v7.elf 
   text	   data	    bss	    dec	    hex	filename
  42324	    120	  53520	  95964	  176dc	Robo_v7.elf
Finished building: default.size.stdout
 
Finished building: Robo_v7.bin
 
Finished building: Robo_v7.list
 
17:05:17 **** Incremental Build of configuration Debug for project Robo_v7 ****
make -j4 all 
arm-none-eabi-gcc "../Src/ov7670.c" -mcpu=cortex-m4 -std=gnu11 -g3 -DUSE_HAL_DRIVER -DDEBUG -DSTM32F407xx -c -I../Inc -I../Drivers/CMSIS/Include -I../Drivers/STM32F4xx_HAL_Driver/Inc -I../Drivers/CMSIS/Device/ST/STM32F4xx/Include -I../Drivers/STM32F4xx_HAL_Driver/Inc/Legacy -O0 -ffunction-sections -fdata-sections -Wall -fstack-usage -MMD -MP -MF"Src/ov7670.d" -MT"Src/ov7670.o" --specs=nano.specs -mfpu=fpv4-sp-d16 -mfloat-abi=hard -mthumb -o "Src/ov7670.o"
../Src/ov7670.c: In function 'ov7670_init':
../Src/ov7670.c:52:7: warning: unused variable 'stat' [-Wunused-variable]
   RET stat = ov7670_read(0x0b, buffer);
       ^~~~
arm-none-eabi-gcc -o "Robo_v7.elf" @"objects.list"   -mcpu=cortex-m4 -T"C:\Users\lewy\STM32CubeIDE\robo_v7_camera\Robo_v7\STM32F407VGTX_FLASH.ld" --specs=nosys.specs -Wl,-Map="Robo_v7.map" -Wl,--gc-sections -static --specs=nano.specs -mfpu=fpv4-sp-d16 -mfloat-abi=hard -mthumb -Wl,--start-group -lc -lm -Wl,--end-group
Finished building target: Robo_v7.elf
 
arm-none-eabi-objdump -h -S  Robo_v7.elf  > "Robo_v7.list"
arm-none-eabi-objcopy  -O binary  Robo_v7.elf  "Robo_v7.bin"
arm-none-eabi-size   Robo_v7.elf 
   text	   data	    bss	    dec	    hex	filename
  42320	    120	  53520	  95960	  176d8	Robo_v7.elf
Finished building: default.size.stdout
 
Finished building: Robo_v7.bin
 
Finished building: Robo_v7.list
 
17:06:52 **** Incremental Build of configuration Debug for project Robo_v7 ****
make -j4 all 
arm-none-eabi-gcc "../Src/ov7670.c" -mcpu=cortex-m4 -std=gnu11 -g3 -DUSE_HAL_DRIVER -DDEBUG -DSTM32F407xx -c -I../Inc -I../Drivers/CMSIS/Include -I../Drivers/STM32F4xx_HAL_Driver/Inc -I../Drivers/CMSIS/Device/ST/STM32F4xx/Include -I../Drivers/STM32F4xx_HAL_Driver/Inc/Legacy -O0 -ffunction-sections -fdata-sections -Wall -fstack-usage -MMD -MP -MF"Src/ov7670.d" -MT"Src/ov7670.o" --specs=nano.specs -mfpu=fpv4-sp-d16 -mfloat-abi=hard -mthumb -o "Src/ov7670.o"
../Src/ov7670.c: In function 'ov7670_init':
../Src/ov7670.c:52:7: warning: unused variable 'stat' [-Wunused-variable]
   RET stat = ov7670_read(0x0b, buffer);
       ^~~~
arm-none-eabi-gcc -o "Robo_v7.elf" @"objects.list"   -mcpu=cortex-m4 -T"C:\Users\lewy\STM32CubeIDE\robo_v7_camera\Robo_v7\STM32F407VGTX_FLASH.ld" --specs=nosys.specs -Wl,-Map="Robo_v7.map" -Wl,--gc-sections -static --specs=nano.specs -mfpu=fpv4-sp-d16 -mfloat-abi=hard -mthumb -Wl,--start-group -lc -lm -Wl,--end-group
Finished building target: Robo_v7.elf
 
arm-none-eabi-objdump -h -S  Robo_v7.elf  > "Robo_v7.list"
arm-none-eabi-objcopy  -O binary  Robo_v7.elf  "Robo_v7.bin"
arm-none-eabi-size   Robo_v7.elf 
   text	   data	    bss	    dec	    hex	filename
  42316	    120	  53520	  95956	  176d4	Robo_v7.elf
Finished building: default.size.stdout
 
Finished building: Robo_v7.bin
 
Finished building: Robo_v7.list
 
17:08:18 **** Incremental Build of configuration Debug for project Robo_v7 ****
make -j4 all 
arm-none-eabi-gcc "../Src/ov7670.c" -mcpu=cortex-m4 -std=gnu11 -g3 -DUSE_HAL_DRIVER -DDEBUG -DSTM32F407xx -c -I../Inc -I../Drivers/CMSIS/Include -I../Drivers/STM32F4xx_HAL_Driver/Inc -I../Drivers/CMSIS/Device/ST/STM32F4xx/Include -I../Drivers/STM32F4xx_HAL_Driver/Inc/Legacy -O0 -ffunction-sections -fdata-sections -Wall -fstack-usage -MMD -MP -MF"Src/ov7670.d" -MT"Src/ov7670.o" --specs=nano.specs -mfpu=fpv4-sp-d16 -mfloat-abi=hard -mthumb -o "Src/ov7670.o"
../Src/ov7670.c: In function 'ov7670_init':
../Src/ov7670.c:52:7: warning: unused variable 'stat' [-Wunused-variable]
   RET stat = ov7670_read(0x0b, buffer);
       ^~~~
arm-none-eabi-gcc -o "Robo_v7.elf" @"objects.list"   -mcpu=cortex-m4 -T"C:\Users\lewy\STM32CubeIDE\robo_v7_camera\Robo_v7\STM32F407VGTX_FLASH.ld" --specs=nosys.specs -Wl,-Map="Robo_v7.map" -Wl,--gc-sections -static --specs=nano.specs -mfpu=fpv4-sp-d16 -mfloat-abi=hard -mthumb -Wl,--start-group -lc -lm -Wl,--end-group
Finished building target: Robo_v7.elf
 
arm-none-eabi-objdump -h -S  Robo_v7.elf  > "Robo_v7.list"
arm-none-eabi-objcopy  -O binary  Robo_v7.elf  "Robo_v7.bin"
arm-none-eabi-size   Robo_v7.elf 
   text	   data	    bss	    dec	    hex	filename
  42320	    120	  53520	  95960	  176d8	Robo_v7.elf
Finished building: default.size.stdout
 
Finished building: Robo_v7.bin
 
Finished building: Robo_v7.list
 
17:09:28 **** Incremental Build of configuration Debug for project Robo_v7 ****
make -j4 all 
arm-none-eabi-gcc "../Src/ov7670.c" -mcpu=cortex-m4 -std=gnu11 -g3 -DUSE_HAL_DRIVER -DDEBUG -DSTM32F407xx -c -I../Inc -I../Drivers/CMSIS/Include -I../Drivers/STM32F4xx_HAL_Driver/Inc -I../Drivers/CMSIS/Device/ST/STM32F4xx/Include -I../Drivers/STM32F4xx_HAL_Driver/Inc/Legacy -O0 -ffunction-sections -fdata-sections -Wall -fstack-usage -MMD -MP -MF"Src/ov7670.d" -MT"Src/ov7670.o" --specs=nano.specs -mfpu=fpv4-sp-d16 -mfloat-abi=hard -mthumb -o "Src/ov7670.o"
../Src/ov7670.c: In function 'ov7670_init':
../Src/ov7670.c:52:7: warning: unused variable 'stat' [-Wunused-variable]
   RET stat = ov7670_read(0x0b, buffer);
       ^~~~
arm-none-eabi-gcc -o "Robo_v7.elf" @"objects.list"   -mcpu=cortex-m4 -T"C:\Users\lewy\STM32CubeIDE\robo_v7_camera\Robo_v7\STM32F407VGTX_FLASH.ld" --specs=nosys.specs -Wl,-Map="Robo_v7.map" -Wl,--gc-sections -static --specs=nano.specs -mfpu=fpv4-sp-d16 -mfloat-abi=hard -mthumb -Wl,--start-group -lc -lm -Wl,--end-group
Finished building target: Robo_v7.elf
 
arm-none-eabi-objdump -h -S  Robo_v7.elf  > "Robo_v7.list"
arm-none-eabi-objcopy  -O binary  Robo_v7.elf  "Robo_v7.bin"
arm-none-eabi-size   Robo_v7.elf 
   text	   data	    bss	    dec	    hex	filename
  42320	    120	  53520	  95960	  176d8	Robo_v7.elf
Finished building: default.size.stdout
 
Finished building: Robo_v7.bin
 
Finished building: Robo_v7.list
 
17:13:33 **** Incremental Build of configuration Debug for project Robo_v7 ****
make -j4 all 
arm-none-eabi-size   Robo_v7.elf 
   text	   data	    bss	    dec	    hex	filename
  42320	    120	  53520	  95960	  176d8	Robo_v7.elf
Finished building: default.size.stdout
 
17:14:49 **** Incremental Build of configuration Debug for project Robo_v7 ****
make -j4 all 
arm-none-eabi-size   Robo_v7.elf 
   text	   data	    bss	    dec	    hex	filename
  42320	    120	  53520	  95960	  176d8	Robo_v7.elf
Finished building: default.size.stdout
 
17:21:15 **** Incremental Build of configuration Debug for project Robo_v7 ****
make -j4 all 
arm-none-eabi-gcc "../Src/main.c" -mcpu=cortex-m4 -std=gnu11 -g3 -DUSE_HAL_DRIVER -DDEBUG -DSTM32F407xx -c -I../Inc -I../Drivers/CMSIS/Include -I../Drivers/STM32F4xx_HAL_Driver/Inc -I../Drivers/CMSIS/Device/ST/STM32F4xx/Include -I../Drivers/STM32F4xx_HAL_Driver/Inc/Legacy -O0 -ffunction-sections -fdata-sections -Wall -fstack-usage -MMD -MP -MF"Src/main.d" -MT"Src/main.o" --specs=nano.specs -mfpu=fpv4-sp-d16 -mfloat-abi=hard -mthumb -o "Src/main.o"
../Src/main.c: In function 'main':
../Src/main.c:203:35: warning: passing argument 2 of 'HAL_UART_Transmit_IT' from incompatible pointer type [-Wincompatible-pointer-types]
     HAL_UART_Transmit_IT(&huart3, cam_buf, n);
                                   ^~~~~~~
In file included from ../Inc/stm32f4xx_hal_conf.h:364:0,
                 from ../Drivers/STM32F4xx_HAL_Driver/Inc/stm32f4xx_hal.h:30,
                 from ../Inc/main.h:31,
                 from ../Src/main.c:22:
../Drivers/STM32F4xx_HAL_Driver/Inc/stm32f4xx_hal_uart.h:698:19: note: expected 'uint8_t * {aka unsigned char *}' but argument is of type 'uint16_t * {aka short unsigned int *}'
 HAL_StatusTypeDef HAL_UART_Transmit_IT(UART_HandleTypeDef *huart, uint8_t *pData, uint16_t Size);
                   ^~~~~~~~~~~~~~~~~~~~
arm-none-eabi-gcc -o "Robo_v7.elf" @"objects.list"   -mcpu=cortex-m4 -T"C:\Users\lewy\STM32CubeIDE\robo_v7_camera\Robo_v7\STM32F407VGTX_FLASH.ld" --specs=nosys.specs -Wl,-Map="Robo_v7.map" -Wl,--gc-sections -static --specs=nano.specs -mfpu=fpv4-sp-d16 -mfloat-abi=hard -mthumb -Wl,--start-group -lc -lm -Wl,--end-group
Finished building target: Robo_v7.elf
 
arm-none-eabi-objdump -h -S  Robo_v7.elf  > "Robo_v7.list"
arm-none-eabi-objcopy  -O binary  Robo_v7.elf  "Robo_v7.bin"
arm-none-eabi-size   Robo_v7.elf 
   text	   data	    bss	    dec	    hex	filename
  42320	    120	  80208	 122648	  1df18	Robo_v7.elf
Finished building: default.size.stdout
 
Finished building: Robo_v7.bin
 
Finished building: Robo_v7.list
 
17:22:59 **** Incremental Build of configuration Debug for project Robo_v7 ****
make -j4 all 
arm-none-eabi-gcc "../Src/ov7670.c" -mcpu=cortex-m4 -std=gnu11 -g3 -DUSE_HAL_DRIVER -DDEBUG -DSTM32F407xx -c -I../Inc -I../Drivers/CMSIS/Include -I../Drivers/STM32F4xx_HAL_Driver/Inc -I../Drivers/CMSIS/Device/ST/STM32F4xx/Include -I../Drivers/STM32F4xx_HAL_Driver/Inc/Legacy -O0 -ffunction-sections -fdata-sections -Wall -fstack-usage -MMD -MP -MF"Src/ov7670.d" -MT"Src/ov7670.o" --specs=nano.specs -mfpu=fpv4-sp-d16 -mfloat-abi=hard -mthumb -o "Src/ov7670.o"
../Src/ov7670.c: In function 'ov7670_init':
../Src/ov7670.c:52:7: warning: unused variable 'stat' [-Wunused-variable]
   RET stat = ov7670_read(0x0b, buffer);
       ^~~~
arm-none-eabi-gcc -o "Robo_v7.elf" @"objects.list"   -mcpu=cortex-m4 -T"C:\Users\lewy\STM32CubeIDE\robo_v7_camera\Robo_v7\STM32F407VGTX_FLASH.ld" --specs=nosys.specs -Wl,-Map="Robo_v7.map" -Wl,--gc-sections -static --specs=nano.specs -mfpu=fpv4-sp-d16 -mfloat-abi=hard -mthumb -Wl,--start-group -lc -lm -Wl,--end-group
Finished building target: Robo_v7.elf
 
arm-none-eabi-objdump -h -S  Robo_v7.elf  > "Robo_v7.list"
arm-none-eabi-objcopy  -O binary  Robo_v7.elf  "Robo_v7.bin"
arm-none-eabi-size   Robo_v7.elf 
   text	   data	    bss	    dec	    hex	filename
  42320	    120	  80208	 122648	  1df18	Robo_v7.elf
Finished building: default.size.stdout
 
Finished building: Robo_v7.bin
 
Finished building: Robo_v7.list
 
17:26:32 **** Incremental Build of configuration Debug for project Robo_v7 ****
make -j4 all 
arm-none-eabi-gcc "../Src/main.c" -mcpu=cortex-m4 -std=gnu11 -g3 -DUSE_HAL_DRIVER -DDEBUG -DSTM32F407xx -c -I../Inc -I../Drivers/CMSIS/Include -I../Drivers/STM32F4xx_HAL_Driver/Inc -I../Drivers/CMSIS/Device/ST/STM32F4xx/Include -I../Drivers/STM32F4xx_HAL_Driver/Inc/Legacy -O0 -ffunction-sections -fdata-sections -Wall -fstack-usage -MMD -MP -MF"Src/main.d" -MT"Src/main.o" --specs=nano.specs -mfpu=fpv4-sp-d16 -mfloat-abi=hard -mthumb -o "Src/main.o"
../Src/main.c: In function 'main':
../Src/main.c:215:35: warning: passing argument 2 of 'HAL_UART_Transmit_IT' from incompatible pointer type [-Wincompatible-pointer-types]
     HAL_UART_Transmit_IT(&huart3, cam_buf, n);
                                   ^~~~~~~
In file included from ../Inc/stm32f4xx_hal_conf.h:364:0,
                 from ../Drivers/STM32F4xx_HAL_Driver/Inc/stm32f4xx_hal.h:30,
                 from ../Inc/main.h:31,
                 from ../Src/main.c:22:
../Drivers/STM32F4xx_HAL_Driver/Inc/stm32f4xx_hal_uart.h:698:19: note: expected 'uint8_t * {aka unsigned char *}' but argument is of type 'uint16_t * {aka short unsigned int *}'
 HAL_StatusTypeDef HAL_UART_Transmit_IT(UART_HandleTypeDef *huart, uint8_t *pData, uint16_t Size);
                   ^~~~~~~~~~~~~~~~~~~~
arm-none-eabi-gcc -o "Robo_v7.elf" @"objects.list"   -mcpu=cortex-m4 -T"C:\Users\lewy\STM32CubeIDE\robo_v7_camera\Robo_v7\STM32F407VGTX_FLASH.ld" --specs=nosys.specs -Wl,-Map="Robo_v7.map" -Wl,--gc-sections -static --specs=nano.specs -mfpu=fpv4-sp-d16 -mfloat-abi=hard -mthumb -Wl,--start-group -lc -lm -Wl,--end-group
Finished building target: Robo_v7.elf
 
arm-none-eabi-objdump -h -S  Robo_v7.elf  > "Robo_v7.list"
arm-none-eabi-objcopy  -O binary  Robo_v7.elf  "Robo_v7.bin"
arm-none-eabi-size   Robo_v7.elf 
   text	   data	    bss	    dec	    hex	filename
  42372	    120	  80208	 122700	  1df4c	Robo_v7.elf
Finished building: default.size.stdout
 
Finished building: Robo_v7.bin
 
Finished building: Robo_v7.list
 
17:30:09 **** Incremental Build of configuration Debug for project Robo_v7 ****
make -j4 all 
arm-none-eabi-gcc "../Src/main.c" -mcpu=cortex-m4 -std=gnu11 -g3 -DUSE_HAL_DRIVER -DDEBUG -DSTM32F407xx -c -I../Inc -I../Drivers/CMSIS/Include -I../Drivers/STM32F4xx_HAL_Driver/Inc -I../Drivers/CMSIS/Device/ST/STM32F4xx/Include -I../Drivers/STM32F4xx_HAL_Driver/Inc/Legacy -O0 -ffunction-sections -fdata-sections -Wall -fstack-usage -MMD -MP -MF"Src/main.d" -MT"Src/main.o" --specs=nano.specs -mfpu=fpv4-sp-d16 -mfloat-abi=hard -mthumb -o "Src/main.o"
../Src/main.c: In function 'main':
../Src/main.c:204:19: error: empty character constant
      cam_buf[i] = '';
                   ^~
../Src/main.c:220:35: warning: passing argument 2 of 'HAL_UART_Transmit_IT' from incompatible pointer type [-Wincompatible-pointer-types]
     HAL_UART_Transmit_IT(&huart3, cam_buf, n);
                                   ^~~~~~~
In file included from ../Inc/stm32f4xx_hal_conf.h:364:0,
                 from ../Drivers/STM32F4xx_HAL_Driver/Inc/stm32f4xx_hal.h:30,
                 from ../Inc/main.h:31,
                 from ../Src/main.c:22:
../Drivers/STM32F4xx_HAL_Driver/Inc/stm32f4xx_hal_uart.h:698:19: note: expected 'uint8_t * {aka unsigned char *}' but argument is of type 'uint16_t * {aka short unsigned int *}'
 HAL_StatusTypeDef HAL_UART_Transmit_IT(UART_HandleTypeDef *huart, uint8_t *pData, uint16_t Size);
                   ^~~~~~~~~~~~~~~~~~~~
make: *** [Src/subdir.mk:61: Src/main.o] Error 1
"make -j4 all" terminated with exit code 2. Build might be incomplete.
17:30:29 **** Incremental Build of configuration Debug for project Robo_v7 ****
make -j4 all 
arm-none-eabi-gcc "../Src/main.c" -mcpu=cortex-m4 -std=gnu11 -g3 -DUSE_HAL_DRIVER -DDEBUG -DSTM32F407xx -c -I../Inc -I../Drivers/CMSIS/Include -I../Drivers/STM32F4xx_HAL_Driver/Inc -I../Drivers/CMSIS/Device/ST/STM32F4xx/Include -I../Drivers/STM32F4xx_HAL_Driver/Inc/Legacy -O0 -ffunction-sections -fdata-sections -Wall -fstack-usage -MMD -MP -MF"Src/main.d" -MT"Src/main.o" --specs=nano.specs -mfpu=fpv4-sp-d16 -mfloat-abi=hard -mthumb -o "Src/main.o"
../Src/main.c: In function 'main':
../Src/main.c:220:35: warning: passing argument 2 of 'HAL_UART_Transmit_IT' from incompatible pointer type [-Wincompatible-pointer-types]
     HAL_UART_Transmit_IT(&huart3, cam_buf, n);
                                   ^~~~~~~
In file included from ../Inc/stm32f4xx_hal_conf.h:364:0,
                 from ../Drivers/STM32F4xx_HAL_Driver/Inc/stm32f4xx_hal.h:30,
                 from ../Inc/main.h:31,
                 from ../Src/main.c:22:
../Drivers/STM32F4xx_HAL_Driver/Inc/stm32f4xx_hal_uart.h:698:19: note: expected 'uint8_t * {aka unsigned char *}' but argument is of type 'uint16_t * {aka short unsigned int *}'
 HAL_StatusTypeDef HAL_UART_Transmit_IT(UART_HandleTypeDef *huart, uint8_t *pData, uint16_t Size);
                   ^~~~~~~~~~~~~~~~~~~~
arm-none-eabi-gcc -o "Robo_v7.elf" @"objects.list"   -mcpu=cortex-m4 -T"C:\Users\lewy\STM32CubeIDE\robo_v7_camera\Robo_v7\STM32F407VGTX_FLASH.ld" --specs=nosys.specs -Wl,-Map="Robo_v7.map" -Wl,--gc-sections -static --specs=nano.specs -mfpu=fpv4-sp-d16 -mfloat-abi=hard -mthumb -Wl,--start-group -lc -lm -Wl,--end-group
Finished building target: Robo_v7.elf
 
arm-none-eabi-objdump -h -S  Robo_v7.elf  > "Robo_v7.list"
arm-none-eabi-objcopy  -O binary  Robo_v7.elf  "Robo_v7.bin"
arm-none-eabi-size   Robo_v7.elf 
   text	   data	    bss	    dec	    hex	filename
  42408	    120	  80208	 122736	  1df70	Robo_v7.elf
Finished building: default.size.stdout
 
Finished building: Robo_v7.bin
 
Finished building: Robo_v7.list
 
17:32:38 **** Incremental Build of configuration Debug for project Robo_v7 ****
make -j4 all 
arm-none-eabi-gcc "../Src/main.c" -mcpu=cortex-m4 -std=gnu11 -g3 -DUSE_HAL_DRIVER -DDEBUG -DSTM32F407xx -c -I../Inc -I../Drivers/CMSIS/Include -I../Drivers/STM32F4xx_HAL_Driver/Inc -I../Drivers/CMSIS/Device/ST/STM32F4xx/Include -I../Drivers/STM32F4xx_HAL_Driver/Inc/Legacy -O0 -ffunction-sections -fdata-sections -Wall -fstack-usage -MMD -MP -MF"Src/main.d" -MT"Src/main.o" --specs=nano.specs -mfpu=fpv4-sp-d16 -mfloat-abi=hard -mthumb -o "Src/main.o"
arm-none-eabi-gcc "../Src/ov7670.c" -mcpu=cortex-m4 -std=gnu11 -g3 -DUSE_HAL_DRIVER -DDEBUG -DSTM32F407xx -c -I../Inc -I../Drivers/CMSIS/Include -I../Drivers/STM32F4xx_HAL_Driver/Inc -I../Drivers/CMSIS/Device/ST/STM32F4xx/Include -I../Drivers/STM32F4xx_HAL_Driver/Inc/Legacy -O0 -ffunction-sections -fdata-sections -Wall -fstack-usage -MMD -MP -MF"Src/ov7670.d" -MT"Src/ov7670.o" --specs=nano.specs -mfpu=fpv4-sp-d16 -mfloat-abi=hard -mthumb -o "Src/ov7670.o"
../Src/main.c: In function 'main':
../Src/main.c:161:10: warning: unused variable 'n' [-Wunused-variable]
   size_t n = 0;
          ^
../Src/ov7670.c: In function 'ov7670_init':
../Src/ov7670.c:52:7: warning: unused variable 'stat' [-Wunused-variable]
   RET stat = ov7670_read(0x0b, buffer);
       ^~~~
arm-none-eabi-gcc -o "Robo_v7.elf" @"objects.list"   -mcpu=cortex-m4 -T"C:\Users\lewy\STM32CubeIDE\robo_v7_camera\Robo_v7\STM32F407VGTX_FLASH.ld" --specs=nosys.specs -Wl,-Map="Robo_v7.map" -Wl,--gc-sections -static --specs=nano.specs -mfpu=fpv4-sp-d16 -mfloat-abi=hard -mthumb -Wl,--start-group -lc -lm -Wl,--end-group
Finished building target: Robo_v7.elf
 
arm-none-eabi-objdump -h -S  Robo_v7.elf  > "Robo_v7.list"
arm-none-eabi-objcopy  -O binary  Robo_v7.elf  "Robo_v7.bin"
arm-none-eabi-size   Robo_v7.elf 
   text	   data	    bss	    dec	    hex	filename
  42248	    120	  80208	 122576	  1ded0	Robo_v7.elf
Finished building: default.size.stdout
 
Finished building: Robo_v7.bin
 
Finished building: Robo_v7.list
 
17:32:56 **** Incremental Build of configuration Debug for project Robo_v7 ****
make -j4 all 
arm-none-eabi-size   Robo_v7.elf 
   text	   data	    bss	    dec	    hex	filename
  42248	    120	  80208	 122576	  1ded0	Robo_v7.elf
Finished building: default.size.stdout
 
17:34:50 **** Incremental Build of configuration Debug for project Robo_v7 ****
make -j4 all 
arm-none-eabi-gcc "../Src/ov7670.c" -mcpu=cortex-m4 -std=gnu11 -g3 -DUSE_HAL_DRIVER -DDEBUG -DSTM32F407xx -c -I../Inc -I../Drivers/CMSIS/Include -I../Drivers/STM32F4xx_HAL_Driver/Inc -I../Drivers/CMSIS/Device/ST/STM32F4xx/Include -I../Drivers/STM32F4xx_HAL_Driver/Inc/Legacy -O0 -ffunction-sections -fdata-sections -Wall -fstack-usage -MMD -MP -MF"Src/ov7670.d" -MT"Src/ov7670.o" --specs=nano.specs -mfpu=fpv4-sp-d16 -mfloat-abi=hard -mthumb -o "Src/ov7670.o"
../Src/ov7670.c: In function 'ov7670_init':
../Src/ov7670.c:52:7: warning: unused variable 'stat' [-Wunused-variable]
   RET stat = ov7670_read(0x0b, buffer);
       ^~~~
arm-none-eabi-gcc -o "Robo_v7.elf" @"objects.list"   -mcpu=cortex-m4 -T"C:\Users\lewy\STM32CubeIDE\robo_v7_camera\Robo_v7\STM32F407VGTX_FLASH.ld" --specs=nosys.specs -Wl,-Map="Robo_v7.map" -Wl,--gc-sections -static --specs=nano.specs -mfpu=fpv4-sp-d16 -mfloat-abi=hard -mthumb -Wl,--start-group -lc -lm -Wl,--end-group
Finished building target: Robo_v7.elf
 
arm-none-eabi-objdump -h -S  Robo_v7.elf  > "Robo_v7.list"
arm-none-eabi-objcopy  -O binary  Robo_v7.elf  "Robo_v7.bin"
arm-none-eabi-size   Robo_v7.elf 
   text	   data	    bss	    dec	    hex	filename
  42248	    120	  80208	 122576	  1ded0	Robo_v7.elf
Finished building: default.size.stdout
 
Finished building: Robo_v7.bin
 
Finished building: Robo_v7.list
 
17:37:27 **** Incremental Build of configuration Debug for project Robo_v7 ****
make -j4 all 
arm-none-eabi-gcc "../Src/ov7670.c" -mcpu=cortex-m4 -std=gnu11 -g3 -DUSE_HAL_DRIVER -DDEBUG -DSTM32F407xx -c -I../Inc -I../Drivers/CMSIS/Include -I../Drivers/STM32F4xx_HAL_Driver/Inc -I../Drivers/CMSIS/Device/ST/STM32F4xx/Include -I../Drivers/STM32F4xx_HAL_Driver/Inc/Legacy -O0 -ffunction-sections -fdata-sections -Wall -fstack-usage -MMD -MP -MF"Src/ov7670.d" -MT"Src/ov7670.o" --specs=nano.specs -mfpu=fpv4-sp-d16 -mfloat-abi=hard -mthumb -o "Src/ov7670.o"
../Src/ov7670.c: In function 'ov7670_init':
../Src/ov7670.c:52:7: warning: unused variable 'stat' [-Wunused-variable]
   RET stat = ov7670_read(0x0b, buffer);
       ^~~~
arm-none-eabi-gcc -o "Robo_v7.elf" @"objects.list"   -mcpu=cortex-m4 -T"C:\Users\lewy\STM32CubeIDE\robo_v7_camera\Robo_v7\STM32F407VGTX_FLASH.ld" --specs=nosys.specs -Wl,-Map="Robo_v7.map" -Wl,--gc-sections -static --specs=nano.specs -mfpu=fpv4-sp-d16 -mfloat-abi=hard -mthumb -Wl,--start-group -lc -lm -Wl,--end-group
Finished building target: Robo_v7.elf
 
arm-none-eabi-objdump -h -S  Robo_v7.elf  > "Robo_v7.list"
arm-none-eabi-objcopy  -O binary  Robo_v7.elf  "Robo_v7.bin"
arm-none-eabi-size   Robo_v7.elf 
   text	   data	    bss	    dec	    hex	filename
  42248	    120	  80208	 122576	  1ded0	Robo_v7.elf
Finished building: default.size.stdout
 
Finished building: Robo_v7.bin
 
Finished building: Robo_v7.list
 
17:38:07 **** Incremental Build of configuration Debug for project Robo_v7 ****
make -j4 all 
arm-none-eabi-gcc "../Src/ov7670.c" -mcpu=cortex-m4 -std=gnu11 -g3 -DUSE_HAL_DRIVER -DDEBUG -DSTM32F407xx -c -I../Inc -I../Drivers/CMSIS/Include -I../Drivers/STM32F4xx_HAL_Driver/Inc -I../Drivers/CMSIS/Device/ST/STM32F4xx/Include -I../Drivers/STM32F4xx_HAL_Driver/Inc/Legacy -O0 -ffunction-sections -fdata-sections -Wall -fstack-usage -MMD -MP -MF"Src/ov7670.d" -MT"Src/ov7670.o" --specs=nano.specs -mfpu=fpv4-sp-d16 -mfloat-abi=hard -mthumb -o "Src/ov7670.o"
arm-none-eabi-gcc -o "Robo_v7.elf" @"objects.list"   -mcpu=cortex-m4 -T"C:\Users\lewy\STM32CubeIDE\robo_v7_camera\Robo_v7\STM32F407VGTX_FLASH.ld" --specs=nosys.specs -Wl,-Map="Robo_v7.map" -Wl,--gc-sections -static --specs=nano.specs -mfpu=fpv4-sp-d16 -mfloat-abi=hard -mthumb -Wl,--start-group -lc -lm -Wl,--end-group
Finished building target: Robo_v7.elf
 
arm-none-eabi-objdump -h -S  Robo_v7.elf  > "Robo_v7.list"
arm-none-eabi-objcopy  -O binary  Robo_v7.elf  "Robo_v7.bin"
arm-none-eabi-size   Robo_v7.elf 
   text	   data	    bss	    dec	    hex	filename
  42248	    120	  80208	 122576	  1ded0	Robo_v7.elf
Finished building: default.size.stdout
 
Finished building: Robo_v7.bin
 
Finished building: Robo_v7.list
 
17:41:15 **** Incremental Build of configuration Debug for project Robo_v7 ****
make -j4 all 
arm-none-eabi-gcc "../Src/camera.c" -mcpu=cortex-m4 -std=gnu11 -g3 -DUSE_HAL_DRIVER -DDEBUG -DSTM32F407xx -c -I../Inc -I../Drivers/CMSIS/Include -I../Drivers/STM32F4xx_HAL_Driver/Inc -I../Drivers/CMSIS/Device/ST/STM32F4xx/Include -I../Drivers/STM32F4xx_HAL_Driver/Inc/Legacy -O0 -ffunction-sections -fdata-sections -Wall -fstack-usage -MMD -MP -MF"Src/camera.d" -MT"Src/camera.o" --specs=nano.specs -mfpu=fpv4-sp-d16 -mfloat-abi=hard -mthumb -o "Src/camera.o"
../Src/camera.c: In function 'camera_startCap':
../Src/camera.c:64:41: warning: passing argument 2 of 'ov7670_startCap' makes integer from pointer without a cast [-Wint-conversion]
   return ov7670_startCap(ov7670CapMode, &destHandle);  //(uint32_t)
                                         ^
In file included from ../Src/camera.c:11:0:
../Inc/ov7670.h:19:5: note: expected 'uint32_t {aka long unsigned int}' but argument is of type 'uint32_t * {aka long unsigned int *}'
 RET ov7670_startCap(uint32_t capMode, uint32_t destAddress);
     ^~~~~~~~~~~~~~~
arm-none-eabi-gcc -o "Robo_v7.elf" @"objects.list"   -mcpu=cortex-m4 -T"C:\Users\lewy\STM32CubeIDE\robo_v7_camera\Robo_v7\STM32F407VGTX_FLASH.ld" --specs=nosys.specs -Wl,-Map="Robo_v7.map" -Wl,--gc-sections -static --specs=nano.specs -mfpu=fpv4-sp-d16 -mfloat-abi=hard -mthumb -Wl,--start-group -lc -lm -Wl,--end-group
Finished building target: Robo_v7.elf
 
arm-none-eabi-objdump -h -S  Robo_v7.elf  > "Robo_v7.list"
arm-none-eabi-objcopy  -O binary  Robo_v7.elf  "Robo_v7.bin"
arm-none-eabi-size   Robo_v7.elf 
   text	   data	    bss	    dec	    hex	filename
  42252	    120	  80208	 122580	  1ded4	Robo_v7.elf
Finished building: default.size.stdout
 
Finished building: Robo_v7.bin
 
Finished building: Robo_v7.list
 
17:41:39 **** Incremental Build of configuration Debug for project Robo_v7 ****
make -j4 all 
arm-none-eabi-gcc "../Src/camera.c" -mcpu=cortex-m4 -std=gnu11 -g3 -DUSE_HAL_DRIVER -DDEBUG -DSTM32F407xx -c -I../Inc -I../Drivers/CMSIS/Include -I../Drivers/STM32F4xx_HAL_Driver/Inc -I../Drivers/CMSIS/Device/ST/STM32F4xx/Include -I../Drivers/STM32F4xx_HAL_Driver/Inc/Legacy -O0 -ffunction-sections -fdata-sections -Wall -fstack-usage -MMD -MP -MF"Src/camera.d" -MT"Src/camera.o" --specs=nano.specs -mfpu=fpv4-sp-d16 -mfloat-abi=hard -mthumb -o "Src/camera.o"
arm-none-eabi-gcc -o "Robo_v7.elf" @"objects.list"   -mcpu=cortex-m4 -T"C:\Users\lewy\STM32CubeIDE\robo_v7_camera\Robo_v7\STM32F407VGTX_FLASH.ld" --specs=nosys.specs -Wl,-Map="Robo_v7.map" -Wl,--gc-sections -static --specs=nano.specs -mfpu=fpv4-sp-d16 -mfloat-abi=hard -mthumb -Wl,--start-group -lc -lm -Wl,--end-group
Finished building target: Robo_v7.elf
 
arm-none-eabi-objdump -h -S  Robo_v7.elf  > "Robo_v7.list"
arm-none-eabi-objcopy  -O binary  Robo_v7.elf  "Robo_v7.bin"
arm-none-eabi-size   Robo_v7.elf 
   text	   data	    bss	    dec	    hex	filename
  42248	    120	  80208	 122576	  1ded0	Robo_v7.elf
Finished building: default.size.stdout
 
Finished building: Robo_v7.bin
 
Finished building: Robo_v7.list
 
17:43:18 **** Incremental Build of configuration Debug for project Robo_v7 ****
make -j4 all 
arm-none-eabi-gcc "../Src/camera.c" -mcpu=cortex-m4 -std=gnu11 -g3 -DUSE_HAL_DRIVER -DDEBUG -DSTM32F407xx -c -I../Inc -I../Drivers/CMSIS/Include -I../Drivers/STM32F4xx_HAL_Driver/Inc -I../Drivers/CMSIS/Device/ST/STM32F4xx/Include -I../Drivers/STM32F4xx_HAL_Driver/Inc/Legacy -O0 -ffunction-sections -fdata-sections -Wall -fstack-usage -MMD -MP -MF"Src/camera.d" -MT"Src/camera.o" --specs=nano.specs -mfpu=fpv4-sp-d16 -mfloat-abi=hard -mthumb -o "Src/camera.o"
arm-none-eabi-gcc "../Src/main.c" -mcpu=cortex-m4 -std=gnu11 -g3 -DUSE_HAL_DRIVER -DDEBUG -DSTM32F407xx -c -I../Inc -I../Drivers/CMSIS/Include -I../Drivers/STM32F4xx_HAL_Driver/Inc -I../Drivers/CMSIS/Device/ST/STM32F4xx/Include -I../Drivers/STM32F4xx_HAL_Driver/Inc/Legacy -O0 -ffunction-sections -fdata-sections -Wall -fstack-usage -MMD -MP -MF"Src/main.d" -MT"Src/main.o" --specs=nano.specs -mfpu=fpv4-sp-d16 -mfloat-abi=hard -mthumb -o "Src/main.o"
../Src/main.c: In function 'main':
../Src/main.c:161:10: warning: unused variable 'n' [-Wunused-variable]
   size_t n = 0;
          ^
arm-none-eabi-gcc -o "Robo_v7.elf" @"objects.list"   -mcpu=cortex-m4 -T"C:\Users\lewy\STM32CubeIDE\robo_v7_camera\Robo_v7\STM32F407VGTX_FLASH.ld" --specs=nosys.specs -Wl,-Map="Robo_v7.map" -Wl,--gc-sections -static --specs=nano.specs -mfpu=fpv4-sp-d16 -mfloat-abi=hard -mthumb -Wl,--start-group -lc -lm -Wl,--end-group
Finished building target: Robo_v7.elf
 
arm-none-eabi-objdump -h -S  Robo_v7.elf  > "Robo_v7.list"
arm-none-eabi-objcopy  -O binary  Robo_v7.elf  "Robo_v7.bin"
arm-none-eabi-size   Robo_v7.elf 
   text	   data	    bss	    dec	    hex	filename
  42248	    120	  80208	 122576	  1ded0	Robo_v7.elf
Finished building: default.size.stdout
 
Finished building: Robo_v7.bin
 
Finished building: Robo_v7.list
 
17:45:19 **** Incremental Build of configuration Debug for project Robo_v7 ****
make -j4 all 
arm-none-eabi-gcc "../Src/stm32f4xx_it.c" -mcpu=cortex-m4 -std=gnu11 -g3 -DUSE_HAL_DRIVER -DDEBUG -DSTM32F407xx -c -I../Inc -I../Drivers/CMSIS/Include -I../Drivers/STM32F4xx_HAL_Driver/Inc -I../Drivers/CMSIS/Device/ST/STM32F4xx/Include -I../Drivers/STM32F4xx_HAL_Driver/Inc/Legacy -O0 -ffunction-sections -fdata-sections -Wall -fstack-usage -MMD -MP -MF"Src/stm32f4xx_it.d" -MT"Src/stm32f4xx_it.o" --specs=nano.specs -mfpu=fpv4-sp-d16 -mfloat-abi=hard -mthumb -o "Src/stm32f4xx_it.o"
../Src/stm32f4xx_it.c:89:3: warning: "/*" within comment [-Wcomment]
   /* USER CODE BEGIN HardFault_IRQn 0
    
../Src/stm32f4xx_it.c:91:3: warning: "/*" within comment [-Wcomment]
   /* USER CODE END HardFault_IRQn 0
    
../Src/stm32f4xx_it.c:94:5: warning: "/*" within comment [-Wcomment]
     /* USER CODE BEGIN W1_HardFault_IRQn 0
      
../Src/stm32f4xx_it.c:95:5: warning: "/*" within comment [-Wcomment]
     /* USER CODE END W1_HardFault_IRQn 0
      
arm-none-eabi-gcc -o "Robo_v7.elf" @"objects.list"   -mcpu=cortex-m4 -T"C:\Users\lewy\STM32CubeIDE\robo_v7_camera\Robo_v7\STM32F407VGTX_FLASH.ld" --specs=nosys.specs -Wl,-Map="Robo_v7.map" -Wl,--gc-sections -static --specs=nano.specs -mfpu=fpv4-sp-d16 -mfloat-abi=hard -mthumb -Wl,--start-group -lc -lm -Wl,--end-group
Finished building target: Robo_v7.elf
 
arm-none-eabi-objdump -h -S  Robo_v7.elf  > "Robo_v7.list"
arm-none-eabi-objcopy  -O binary  Robo_v7.elf  "Robo_v7.bin"
arm-none-eabi-size   Robo_v7.elf 
   text	   data	    bss	    dec	    hex	filename
  42244	    120	  80208	 122572	  1decc	Robo_v7.elf
Finished building: default.size.stdout
 
Finished building: Robo_v7.bin
 
Finished building: Robo_v7.list
 
17:46:21 **** Incremental Build of configuration Debug for project Robo_v7 ****
make -j4 all 
arm-none-eabi-gcc "../Src/stm32f4xx_it.c" -mcpu=cortex-m4 -std=gnu11 -g3 -DUSE_HAL_DRIVER -DDEBUG -DSTM32F407xx -c -I../Inc -I../Drivers/CMSIS/Include -I../Drivers/STM32F4xx_HAL_Driver/Inc -I../Drivers/CMSIS/Device/ST/STM32F4xx/Include -I../Drivers/STM32F4xx_HAL_Driver/Inc/Legacy -O0 -ffunction-sections -fdata-sections -Wall -fstack-usage -MMD -MP -MF"Src/stm32f4xx_it.d" -MT"Src/stm32f4xx_it.o" --specs=nano.specs -mfpu=fpv4-sp-d16 -mfloat-abi=hard -mthumb -o "Src/stm32f4xx_it.o"
arm-none-eabi-gcc -o "Robo_v7.elf" @"objects.list"   -mcpu=cortex-m4 -T"C:\Users\lewy\STM32CubeIDE\robo_v7_camera\Robo_v7\STM32F407VGTX_FLASH.ld" --specs=nosys.specs -Wl,-Map="Robo_v7.map" -Wl,--gc-sections -static --specs=nano.specs -mfpu=fpv4-sp-d16 -mfloat-abi=hard -mthumb -Wl,--start-group -lc -lm -Wl,--end-group
Finished building target: Robo_v7.elf
 
arm-none-eabi-objdump -h -S  Robo_v7.elf  > "Robo_v7.list"
arm-none-eabi-objcopy  -O binary  Robo_v7.elf  "Robo_v7.bin"
arm-none-eabi-size   Robo_v7.elf 
   text	   data	    bss	    dec	    hex	filename
  42248	    120	  80208	 122576	  1ded0	Robo_v7.elf
Finished building: default.size.stdout
 
Finished building: Robo_v7.bin
 
Finished building: Robo_v7.list
 
17:48:17 **** Incremental Build of configuration Debug for project Robo_v7 ****
make -j4 all 
arm-none-eabi-gcc "../Src/ov7670.c" -mcpu=cortex-m4 -std=gnu11 -g3 -DUSE_HAL_DRIVER -DDEBUG -DSTM32F407xx -c -I../Inc -I../Drivers/CMSIS/Include -I../Drivers/STM32F4xx_HAL_Driver/Inc -I../Drivers/CMSIS/Device/ST/STM32F4xx/Include -I../Drivers/STM32F4xx_HAL_Driver/Inc/Legacy -O0 -ffunction-sections -fdata-sections -Wall -fstack-usage -MMD -MP -MF"Src/ov7670.d" -MT"Src/ov7670.o" --specs=nano.specs -mfpu=fpv4-sp-d16 -mfloat-abi=hard -mthumb -o "Src/ov7670.o"
arm-none-eabi-gcc -o "Robo_v7.elf" @"objects.list"   -mcpu=cortex-m4 -T"C:\Users\lewy\STM32CubeIDE\robo_v7_camera\Robo_v7\STM32F407VGTX_FLASH.ld" --specs=nosys.specs -Wl,-Map="Robo_v7.map" -Wl,--gc-sections -static --specs=nano.specs -mfpu=fpv4-sp-d16 -mfloat-abi=hard -mthumb -Wl,--start-group -lc -lm -Wl,--end-group
Finished building target: Robo_v7.elf
 
arm-none-eabi-objdump -h -S  Robo_v7.elf  > "Robo_v7.list"
arm-none-eabi-objcopy  -O binary  Robo_v7.elf  "Robo_v7.bin"
arm-none-eabi-size   Robo_v7.elf 
   text	   data	    bss	    dec	    hex	filename
  42248	    120	  80208	 122576	  1ded0	Robo_v7.elf
Finished building: default.size.stdout
 
Finished building: Robo_v7.bin
 
Finished building: Robo_v7.list
 
17:48:55 **** Incremental Build of configuration Debug for project Robo_v7 ****
make -j4 all 
arm-none-eabi-gcc "../Src/ov7670.c" -mcpu=cortex-m4 -std=gnu11 -g3 -DUSE_HAL_DRIVER -DDEBUG -DSTM32F407xx -c -I../Inc -I../Drivers/CMSIS/Include -I../Drivers/STM32F4xx_HAL_Driver/Inc -I../Drivers/CMSIS/Device/ST/STM32F4xx/Include -I../Drivers/STM32F4xx_HAL_Driver/Inc/Legacy -O0 -ffunction-sections -fdata-sections -Wall -fstack-usage -MMD -MP -MF"Src/ov7670.d" -MT"Src/ov7670.o" --specs=nano.specs -mfpu=fpv4-sp-d16 -mfloat-abi=hard -mthumb -o "Src/ov7670.o"
arm-none-eabi-gcc -o "Robo_v7.elf" @"objects.list"   -mcpu=cortex-m4 -T"C:\Users\lewy\STM32CubeIDE\robo_v7_camera\Robo_v7\STM32F407VGTX_FLASH.ld" --specs=nosys.specs -Wl,-Map="Robo_v7.map" -Wl,--gc-sections -static --specs=nano.specs -mfpu=fpv4-sp-d16 -mfloat-abi=hard -mthumb -Wl,--start-group -lc -lm -Wl,--end-group
Finished building target: Robo_v7.elf
 
arm-none-eabi-objdump -h -S  Robo_v7.elf  > "Robo_v7.list"
arm-none-eabi-objcopy  -O binary  Robo_v7.elf  "Robo_v7.bin"
arm-none-eabi-size   Robo_v7.elf 
   text	   data	    bss	    dec	    hex	filename
  42248	    120	  80208	 122576	  1ded0	Robo_v7.elf
Finished building: default.size.stdout
 
Finished building: Robo_v7.bin
 
Finished building: Robo_v7.list
 
17:49:34 **** Incremental Build of configuration Debug for project Robo_v7 ****
make -j4 all 
arm-none-eabi-gcc "../Src/ov7670.c" -mcpu=cortex-m4 -std=gnu11 -g3 -DUSE_HAL_DRIVER -DDEBUG -DSTM32F407xx -c -I../Inc -I../Drivers/CMSIS/Include -I../Drivers/STM32F4xx_HAL_Driver/Inc -I../Drivers/CMSIS/Device/ST/STM32F4xx/Include -I../Drivers/STM32F4xx_HAL_Driver/Inc/Legacy -O0 -ffunction-sections -fdata-sections -Wall -fstack-usage -MMD -MP -MF"Src/ov7670.d" -MT"Src/ov7670.o" --specs=nano.specs -mfpu=fpv4-sp-d16 -mfloat-abi=hard -mthumb -o "Src/ov7670.o"
arm-none-eabi-gcc -o "Robo_v7.elf" @"objects.list"   -mcpu=cortex-m4 -T"C:\Users\lewy\STM32CubeIDE\robo_v7_camera\Robo_v7\STM32F407VGTX_FLASH.ld" --specs=nosys.specs -Wl,-Map="Robo_v7.map" -Wl,--gc-sections -static --specs=nano.specs -mfpu=fpv4-sp-d16 -mfloat-abi=hard -mthumb -Wl,--start-group -lc -lm -Wl,--end-group
Finished building target: Robo_v7.elf
 
arm-none-eabi-objdump -h -S  Robo_v7.elf  > "Robo_v7.list"
arm-none-eabi-objcopy  -O binary  Robo_v7.elf  "Robo_v7.bin"
arm-none-eabi-size   Robo_v7.elf 
   text	   data	    bss	    dec	    hex	filename
  42248	    120	  80208	 122576	  1ded0	Robo_v7.elf
Finished building: default.size.stdout
 
Finished building: Robo_v7.bin
 
Finished building: Robo_v7.list
 
18:02:55 **** Incremental Build of configuration Debug for project Robo_v7 ****
make -j4 all 
arm-none-eabi-gcc "../Src/main.c" -mcpu=cortex-m4 -std=gnu11 -g3 -DUSE_HAL_DRIVER -DDEBUG -DSTM32F407xx -c -I../Inc -I../Drivers/CMSIS/Include -I../Drivers/STM32F4xx_HAL_Driver/Inc -I../Drivers/CMSIS/Device/ST/STM32F4xx/Include -I../Drivers/STM32F4xx_HAL_Driver/Inc/Legacy -O0 -ffunction-sections -fdata-sections -Wall -fstack-usage -MMD -MP -MF"Src/main.d" -MT"Src/main.o" --specs=nano.specs -mfpu=fpv4-sp-d16 -mfloat-abi=hard -mthumb -o "Src/main.o"
../Src/main.c: In function 'main':
../Src/main.c:161:10: warning: unused variable 'n' [-Wunused-variable]
   size_t n = 0;
          ^
arm-none-eabi-gcc -o "Robo_v7.elf" @"objects.list"   -mcpu=cortex-m4 -T"C:\Users\lewy\STM32CubeIDE\robo_v7_camera\Robo_v7\STM32F407VGTX_FLASH.ld" --specs=nosys.specs -Wl,-Map="Robo_v7.map" -Wl,--gc-sections -static --specs=nano.specs -mfpu=fpv4-sp-d16 -mfloat-abi=hard -mthumb -Wl,--start-group -lc -lm -Wl,--end-group
c:\st\stm32cubeide_1.2.0\stm32cubeide\plugins\com.st.stm32cube.ide.mcu.externaltools.gnu-tools-for-stm32.7-2018-q2-update.win32_1.0.0.201904181610\tools\arm-none-eabi\bin\ld.exe: Robo_v7.elf section `.bss' will not fit in region `RAM'
c:\st\stm32cubeide_1.2.0\stm32cubeide\plugins\com.st.stm32cube.ide.mcu.externaltools.gnu-tools-for-stm32.7-2018-q2-update.win32_1.0.0.201904181610\tools\arm-none-eabi\bin\ld.exe: region `RAM' overflowed by 26048 bytes
collect2.exe: error: ld returned 1 exit status
make: *** [makefile:44: Robo_v7.elf] Error 1
"make -j4 all" terminated with exit code 2. Build might be incomplete.
18:07:23 **** Incremental Build of configuration Debug for project Robo_v7 ****
make -j4 all 
arm-none-eabi-gcc "../Src/main.c" -mcpu=cortex-m4 -std=gnu11 -g3 -DUSE_HAL_DRIVER -DDEBUG -DSTM32F407xx -c -I../Inc -I../Drivers/CMSIS/Include -I../Drivers/STM32F4xx_HAL_Driver/Inc -I../Drivers/CMSIS/Device/ST/STM32F4xx/Include -I../Drivers/STM32F4xx_HAL_Driver/Inc/Legacy -O0 -ffunction-sections -fdata-sections -Wall -fstack-usage -MMD -MP -MF"Src/main.d" -MT"Src/main.o" --specs=nano.specs -mfpu=fpv4-sp-d16 -mfloat-abi=hard -mthumb -o "Src/main.o"
../Src/main.c: In function 'main':
../Src/main.c:161:10: warning: unused variable 'n' [-Wunused-variable]
   size_t n = 0;
          ^
arm-none-eabi-gcc -o "Robo_v7.elf" @"objects.list"   -mcpu=cortex-m4 -T"C:\Users\lewy\STM32CubeIDE\robo_v7_camera\Robo_v7\STM32F407VGTX_FLASH.ld" --specs=nosys.specs -Wl,-Map="Robo_v7.map" -Wl,--gc-sections -static --specs=nano.specs -mfpu=fpv4-sp-d16 -mfloat-abi=hard -mthumb -Wl,--start-group -lc -lm -Wl,--end-group
Finished building target: Robo_v7.elf
 
arm-none-eabi-objdump -h -S  Robo_v7.elf  > "Robo_v7.list"
arm-none-eabi-objcopy  -O binary  Robo_v7.elf  "Robo_v7.bin"
arm-none-eabi-size   Robo_v7.elf 
   text	   data	    bss	    dec	    hex	filename
  42248	    120	 118608	 160976	  274d0	Robo_v7.elf
Finished building: default.size.stdout
 
Finished building: Robo_v7.bin
 
Finished building: Robo_v7.list
 
18:07:48 **** Incremental Build of configuration Debug for project Robo_v7 ****
make -j4 all 
arm-none-eabi-gcc "../Src/ov7670.c" -mcpu=cortex-m4 -std=gnu11 -g3 -DUSE_HAL_DRIVER -DDEBUG -DSTM32F407xx -c -I../Inc -I../Drivers/CMSIS/Include -I../Drivers/STM32F4xx_HAL_Driver/Inc -I../Drivers/CMSIS/Device/ST/STM32F4xx/Include -I../Drivers/STM32F4xx_HAL_Driver/Inc/Legacy -O0 -ffunction-sections -fdata-sections -Wall -fstack-usage -MMD -MP -MF"Src/ov7670.d" -MT"Src/ov7670.o" --specs=nano.specs -mfpu=fpv4-sp-d16 -mfloat-abi=hard -mthumb -o "Src/ov7670.o"
arm-none-eabi-gcc -o "Robo_v7.elf" @"objects.list"   -mcpu=cortex-m4 -T"C:\Users\lewy\STM32CubeIDE\robo_v7_camera\Robo_v7\STM32F407VGTX_FLASH.ld" --specs=nosys.specs -Wl,-Map="Robo_v7.map" -Wl,--gc-sections -static --specs=nano.specs -mfpu=fpv4-sp-d16 -mfloat-abi=hard -mthumb -Wl,--start-group -lc -lm -Wl,--end-group
Finished building target: Robo_v7.elf
 
arm-none-eabi-objdump -h -S  Robo_v7.elf  > "Robo_v7.list"
arm-none-eabi-objcopy  -O binary  Robo_v7.elf  "Robo_v7.bin"
arm-none-eabi-size   Robo_v7.elf 
   text	   data	    bss	    dec	    hex	filename
  42248	    120	 118608	 160976	  274d0	Robo_v7.elf
Finished building: default.size.stdout
 
Finished building: Robo_v7.bin
 
Finished building: Robo_v7.list
 
18:08:52 **** Incremental Build of configuration Debug for project Robo_v7 ****
make -j4 all 
arm-none-eabi-gcc "../Src/main.c" -mcpu=cortex-m4 -std=gnu11 -g3 -DUSE_HAL_DRIVER -DDEBUG -DSTM32F407xx -c -I../Inc -I../Drivers/CMSIS/Include -I../Drivers/STM32F4xx_HAL_Driver/Inc -I../Drivers/CMSIS/Device/ST/STM32F4xx/Include -I../Drivers/STM32F4xx_HAL_Driver/Inc/Legacy -O0 -ffunction-sections -fdata-sections -Wall -fstack-usage -MMD -MP -MF"Src/main.d" -MT"Src/main.o" --specs=nano.specs -mfpu=fpv4-sp-d16 -mfloat-abi=hard -mthumb -o "Src/main.o"
../Src/main.c: In function 'main':
../Src/main.c:161:10: warning: unused variable 'n' [-Wunused-variable]
   size_t n = 0;
          ^
arm-none-eabi-gcc -o "Robo_v7.elf" @"objects.list"   -mcpu=cortex-m4 -T"C:\Users\lewy\STM32CubeIDE\robo_v7_camera\Robo_v7\STM32F407VGTX_FLASH.ld" --specs=nosys.specs -Wl,-Map="Robo_v7.map" -Wl,--gc-sections -static --specs=nano.specs -mfpu=fpv4-sp-d16 -mfloat-abi=hard -mthumb -Wl,--start-group -lc -lm -Wl,--end-group
Finished building target: Robo_v7.elf
 
arm-none-eabi-objdump -h -S  Robo_v7.elf  > "Robo_v7.list"
arm-none-eabi-objcopy  -O binary  Robo_v7.elf  "Robo_v7.bin"
arm-none-eabi-size   Robo_v7.elf 
   text	   data	    bss	    dec	    hex	filename
  42160	    120	 118608	 160888	  27478	Robo_v7.elf
Finished building: default.size.stdout
 
Finished building: Robo_v7.bin
 
Finished building: Robo_v7.list
 
18:10:12 **** Incremental Build of configuration Debug for project Robo_v7 ****
make -j4 all 
arm-none-eabi-gcc "../Src/main.c" -mcpu=cortex-m4 -std=gnu11 -g3 -DUSE_HAL_DRIVER -DDEBUG -DSTM32F407xx -c -I../Inc -I../Drivers/CMSIS/Include -I../Drivers/STM32F4xx_HAL_Driver/Inc -I../Drivers/CMSIS/Device/ST/STM32F4xx/Include -I../Drivers/STM32F4xx_HAL_Driver/Inc/Legacy -O0 -ffunction-sections -fdata-sections -Wall -fstack-usage -MMD -MP -MF"Src/main.d" -MT"Src/main.o" --specs=nano.specs -mfpu=fpv4-sp-d16 -mfloat-abi=hard -mthumb -o "Src/main.o"
../Src/main.c: In function 'main':
../Src/main.c:161:10: warning: unused variable 'n' [-Wunused-variable]
   size_t n = 0;
          ^
arm-none-eabi-gcc -o "Robo_v7.elf" @"objects.list"   -mcpu=cortex-m4 -T"C:\Users\lewy\STM32CubeIDE\robo_v7_camera\Robo_v7\STM32F407VGTX_FLASH.ld" --specs=nosys.specs -Wl,-Map="Robo_v7.map" -Wl,--gc-sections -static --specs=nano.specs -mfpu=fpv4-sp-d16 -mfloat-abi=hard -mthumb -Wl,--start-group -lc -lm -Wl,--end-group
Finished building target: Robo_v7.elf
 
arm-none-eabi-objdump -h -S  Robo_v7.elf  > "Robo_v7.list"
arm-none-eabi-objcopy  -O binary  Robo_v7.elf  "Robo_v7.bin"
arm-none-eabi-size   Robo_v7.elf 
   text	   data	    bss	    dec	    hex	filename
  42160	    120	 125008	 167288	  28d78	Robo_v7.elf
Finished building: default.size.stdout
 
Finished building: Robo_v7.bin
 
Finished building: Robo_v7.list
 
18:10:27 **** Incremental Build of configuration Debug for project Robo_v7 ****
make -j4 all 
arm-none-eabi-gcc "../Src/main.c" -mcpu=cortex-m4 -std=gnu11 -g3 -DUSE_HAL_DRIVER -DDEBUG -DSTM32F407xx -c -I../Inc -I../Drivers/CMSIS/Include -I../Drivers/STM32F4xx_HAL_Driver/Inc -I../Drivers/CMSIS/Device/ST/STM32F4xx/Include -I../Drivers/STM32F4xx_HAL_Driver/Inc/Legacy -O0 -ffunction-sections -fdata-sections -Wall -fstack-usage -MMD -MP -MF"Src/main.d" -MT"Src/main.o" --specs=nano.specs -mfpu=fpv4-sp-d16 -mfloat-abi=hard -mthumb -o "Src/main.o"
../Src/main.c: In function 'main':
../Src/main.c:161:10: warning: unused variable 'n' [-Wunused-variable]
   size_t n = 0;
          ^
arm-none-eabi-gcc -o "Robo_v7.elf" @"objects.list"   -mcpu=cortex-m4 -T"C:\Users\lewy\STM32CubeIDE\robo_v7_camera\Robo_v7\STM32F407VGTX_FLASH.ld" --specs=nosys.specs -Wl,-Map="Robo_v7.map" -Wl,--gc-sections -static --specs=nano.specs -mfpu=fpv4-sp-d16 -mfloat-abi=hard -mthumb -Wl,--start-group -lc -lm -Wl,--end-group
c:\st\stm32cubeide_1.2.0\stm32cubeide\plugins\com.st.stm32cube.ide.mcu.externaltools.gnu-tools-for-stm32.7-2018-q2-update.win32_1.0.0.201904181610\tools\arm-none-eabi\bin\ld.exe: Robo_v7.elf section `._user_heap_stack' will not fit in region `RAM'
c:\st\stm32cubeide_1.2.0\stm32cubeide\plugins\com.st.stm32cube.ide.mcu.externaltools.gnu-tools-for-stm32.7-2018-q2-update.win32_1.0.0.201904181610\tools\arm-none-eabi\bin\ld.exe: region `RAM' overflowed by 448 bytes
collect2.exe: error: ld returned 1 exit status
make: *** [makefile:44: Robo_v7.elf] Error 1
"make -j4 all" terminated with exit code 2. Build might be incomplete.
18:15:04 **** Incremental Build of configuration Debug for project Robo_v7 ****
make -j4 all 
arm-none-eabi-gcc "../Src/main.c" -mcpu=cortex-m4 -std=gnu11 -g3 -DUSE_HAL_DRIVER -DDEBUG -DSTM32F407xx -c -I../Inc -I../Drivers/CMSIS/Include -I../Drivers/STM32F4xx_HAL_Driver/Inc -I../Drivers/CMSIS/Device/ST/STM32F4xx/Include -I../Drivers/STM32F4xx_HAL_Driver/Inc/Legacy -O0 -ffunction-sections -fdata-sections -Wall -fstack-usage -MMD -MP -MF"Src/main.d" -MT"Src/main.o" --specs=nano.specs -mfpu=fpv4-sp-d16 -mfloat-abi=hard -mthumb -o "Src/main.o"
arm-none-eabi-gcc "../Src/ov7670.c" -mcpu=cortex-m4 -std=gnu11 -g3 -DUSE_HAL_DRIVER -DDEBUG -DSTM32F407xx -c -I../Inc -I../Drivers/CMSIS/Include -I../Drivers/STM32F4xx_HAL_Driver/Inc -I../Drivers/CMSIS/Device/ST/STM32F4xx/Include -I../Drivers/STM32F4xx_HAL_Driver/Inc/Legacy -O0 -ffunction-sections -fdata-sections -Wall -fstack-usage -MMD -MP -MF"Src/ov7670.d" -MT"Src/ov7670.o" --specs=nano.specs -mfpu=fpv4-sp-d16 -mfloat-abi=hard -mthumb -o "Src/ov7670.o"
../Src/main.c:105:1: error: unknown type name 'votaile'; did you mean 'volatile'?
 votaile uint16_t  cam_buf[320 * 120]; // hardcoded frame size
 ^~~~~~~
 volatile
../Src/main.c:105:19: error: expected '=', ',', ';', 'asm' or '__attribute__' before 'cam_buf'
 votaile uint16_t  cam_buf[320 * 120]; // hardcoded frame size
                   ^~~~~~~
../Src/main.c: In function 'main':
../Src/main.c:171:59: error: 'cam_buf' undeclared (first use in this function)
    if (camera_startCap(CAMERA_CAP_SINGLE_FRAME, (uint32_t)cam_buf)  == RET_OK)
                                                           ^~~~~~~
../Src/main.c:171:59: note: each undeclared identifier is reported only once for each function it appears in
make: *** [Src/subdir.mk:61: Src/main.o] Error 1
make: *** Waiting for unfinished jobs....
"make -j4 all" terminated with exit code 2. Build might be incomplete.
18:15:19 **** Incremental Build of configuration Debug for project Robo_v7 ****
make -j4 all 
arm-none-eabi-gcc "../Src/main.c" -mcpu=cortex-m4 -std=gnu11 -g3 -DUSE_HAL_DRIVER -DDEBUG -DSTM32F407xx -c -I../Inc -I../Drivers/CMSIS/Include -I../Drivers/STM32F4xx_HAL_Driver/Inc -I../Drivers/CMSIS/Device/ST/STM32F4xx/Include -I../Drivers/STM32F4xx_HAL_Driver/Inc/Legacy -O0 -ffunction-sections -fdata-sections -Wall -fstack-usage -MMD -MP -MF"Src/main.d" -MT"Src/main.o" --specs=nano.specs -mfpu=fpv4-sp-d16 -mfloat-abi=hard -mthumb -o "Src/main.o"
../Src/main.c: In function 'main':
../Src/main.c:191:21: warning: passing argument 2 of 'f_write' discards 'volatile' qualifier from pointer target type [-Wdiscarded-qualifiers]
      f_write(&file, &cam_buf[i], 2, &bw);
                     ^
In file included from ../Src/main.c:26:0:
../Inc/ff.h:286:9: note: expected 'const void *' but argument is of type 'volatile uint16_t * {aka volatile short unsigned int *}'
 FRESULT f_write (FIL* fp, const void* buff, UINT btw, UINT* bw); /* Write data to the file */
         ^~~~~~~
arm-none-eabi-gcc -o "Robo_v7.elf" @"objects.list"   -mcpu=cortex-m4 -T"C:\Users\lewy\STM32CubeIDE\robo_v7_camera\Robo_v7\STM32F407VGTX_FLASH.ld" --specs=nosys.specs -Wl,-Map="Robo_v7.map" -Wl,--gc-sections -static --specs=nano.specs -mfpu=fpv4-sp-d16 -mfloat-abi=hard -mthumb -Wl,--start-group -lc -lm -Wl,--end-group
Finished building target: Robo_v7.elf
 
arm-none-eabi-objdump -h -S  Robo_v7.elf  > "Robo_v7.list"
arm-none-eabi-objcopy  -O binary  Robo_v7.elf  "Robo_v7.bin"
arm-none-eabi-size   Robo_v7.elf 
   text	   data	    bss	    dec	    hex	filename
  42156	    120	  80208	 122484	  1de74	Robo_v7.elf
Finished building: default.size.stdout
 
Finished building: Robo_v7.bin
 
Finished building: Robo_v7.list
 
18:15:34 **** Incremental Build of configuration Debug for project Robo_v7 ****
make -j4 all 
arm-none-eabi-gcc "../Src/main.c" -mcpu=cortex-m4 -std=gnu11 -g3 -DUSE_HAL_DRIVER -DDEBUG -DSTM32F407xx -c -I../Inc -I../Drivers/CMSIS/Include -I../Drivers/STM32F4xx_HAL_Driver/Inc -I../Drivers/CMSIS/Device/ST/STM32F4xx/Include -I../Drivers/STM32F4xx_HAL_Driver/Inc/Legacy -O0 -ffunction-sections -fdata-sections -Wall -fstack-usage -MMD -MP -MF"Src/main.d" -MT"Src/main.o" --specs=nano.specs -mfpu=fpv4-sp-d16 -mfloat-abi=hard -mthumb -o "Src/main.o"
../Src/main.c: In function 'main':
../Src/main.c:191:21: warning: passing argument 2 of 'f_write' discards 'volatile' qualifier from pointer target type [-Wdiscarded-qualifiers]
      f_write(&file, &cam_buf[i], 2, &bw);
                     ^
In file included from ../Src/main.c:26:0:
../Inc/ff.h:286:9: note: expected 'const void *' but argument is of type 'volatile uint16_t * {aka volatile short unsigned int *}'
 FRESULT f_write (FIL* fp, const void* buff, UINT btw, UINT* bw); /* Write data to the file */
         ^~~~~~~
arm-none-eabi-gcc -o "Robo_v7.elf" @"objects.list"   -mcpu=cortex-m4 -T"C:\Users\lewy\STM32CubeIDE\robo_v7_camera\Robo_v7\STM32F407VGTX_FLASH.ld" --specs=nosys.specs -Wl,-Map="Robo_v7.map" -Wl,--gc-sections -static --specs=nano.specs -mfpu=fpv4-sp-d16 -mfloat-abi=hard -mthumb -Wl,--start-group -lc -lm -Wl,--end-group
c:\st\stm32cubeide_1.2.0\stm32cubeide\plugins\com.st.stm32cube.ide.mcu.externaltools.gnu-tools-for-stm32.7-2018-q2-update.win32_1.0.0.201904181610\tools\arm-none-eabi\bin\ld.exe: Robo_v7.elf section `.bss' will not fit in region `RAM'
c:\st\stm32cubeide_1.2.0\stm32cubeide\plugins\com.st.stm32cube.ide.mcu.externaltools.gnu-tools-for-stm32.7-2018-q2-update.win32_1.0.0.201904181610\tools\arm-none-eabi\bin\ld.exe: region `RAM' overflowed by 26048 bytes
collect2.exe: error: ld returned 1 exit status
make: *** [makefile:44: Robo_v7.elf] Error 1
"make -j4 all" terminated with exit code 2. Build might be incomplete.
18:15:49 **** Incremental Build of configuration Debug for project Robo_v7 ****
make -j4 all 
arm-none-eabi-gcc "../Src/main.c" -mcpu=cortex-m4 -std=gnu11 -g3 -DUSE_HAL_DRIVER -DDEBUG -DSTM32F407xx -c -I../Inc -I../Drivers/CMSIS/Include -I../Drivers/STM32F4xx_HAL_Driver/Inc -I../Drivers/CMSIS/Device/ST/STM32F4xx/Include -I../Drivers/STM32F4xx_HAL_Driver/Inc/Legacy -O0 -ffunction-sections -fdata-sections -Wall -fstack-usage -MMD -MP -MF"Src/main.d" -MT"Src/main.o" --specs=nano.specs -mfpu=fpv4-sp-d16 -mfloat-abi=hard -mthumb -o "Src/main.o"
../Src/main.c: In function 'main':
../Src/main.c:191:21: warning: passing argument 2 of 'f_write' discards 'volatile' qualifier from pointer target type [-Wdiscarded-qualifiers]
      f_write(&file, &cam_buf[i], 2, &bw);
                     ^
In file included from ../Src/main.c:26:0:
../Inc/ff.h:286:9: note: expected 'const void *' but argument is of type 'volatile uint16_t * {aka volatile short unsigned int *}'
 FRESULT f_write (FIL* fp, const void* buff, UINT btw, UINT* bw); /* Write data to the file */
         ^~~~~~~
arm-none-eabi-gcc -o "Robo_v7.elf" @"objects.list"   -mcpu=cortex-m4 -T"C:\Users\lewy\STM32CubeIDE\robo_v7_camera\Robo_v7\STM32F407VGTX_FLASH.ld" --specs=nosys.specs -Wl,-Map="Robo_v7.map" -Wl,--gc-sections -static --specs=nano.specs -mfpu=fpv4-sp-d16 -mfloat-abi=hard -mthumb -Wl,--start-group -lc -lm -Wl,--end-group
c:\st\stm32cubeide_1.2.0\stm32cubeide\plugins\com.st.stm32cube.ide.mcu.externaltools.gnu-tools-for-stm32.7-2018-q2-update.win32_1.0.0.201904181610\tools\arm-none-eabi\bin\ld.exe: Robo_v7.elf section `.bss' will not fit in region `RAM'
c:\st\stm32cubeide_1.2.0\stm32cubeide\plugins\com.st.stm32cube.ide.mcu.externaltools.gnu-tools-for-stm32.7-2018-q2-update.win32_1.0.0.201904181610\tools\arm-none-eabi\bin\ld.exe: region `RAM' overflowed by 26048 bytes
collect2.exe: error: ld returned 1 exit status
make: *** [makefile:44: Robo_v7.elf] Error 1
"make -j4 all" terminated with exit code 2. Build might be incomplete.
18:18:46 **** Incremental Build of configuration Debug for project Robo_v7 ****
make -j4 all 
arm-none-eabi-gcc "../Src/main.c" -mcpu=cortex-m4 -std=gnu11 -g3 -DUSE_HAL_DRIVER -DDEBUG -DSTM32F407xx -c -I../Inc -I../Drivers/CMSIS/Include -I../Drivers/STM32F4xx_HAL_Driver/Inc -I../Drivers/CMSIS/Device/ST/STM32F4xx/Include -I../Drivers/STM32F4xx_HAL_Driver/Inc/Legacy -O0 -ffunction-sections -fdata-sections -Wall -fstack-usage -MMD -MP -MF"Src/main.d" -MT"Src/main.o" --specs=nano.specs -mfpu=fpv4-sp-d16 -mfloat-abi=hard -mthumb -o "Src/main.o"
../Src/main.c: In function 'main':
../Src/main.c:191:21: warning: passing argument 2 of 'f_write' discards 'volatile' qualifier from pointer target type [-Wdiscarded-qualifiers]
      f_write(&file, &cam_buf[i], 2, &bw);
                     ^
In file included from ../Src/main.c:26:0:
../Inc/ff.h:286:9: note: expected 'const void *' but argument is of type 'volatile uint16_t * {aka volatile short unsigned int *}'
 FRESULT f_write (FIL* fp, const void* buff, UINT btw, UINT* bw); /* Write data to the file */
         ^~~~~~~
arm-none-eabi-gcc -o "Robo_v7.elf" @"objects.list"   -mcpu=cortex-m4 -T"C:\Users\lewy\STM32CubeIDE\robo_v7_camera\Robo_v7\STM32F407VGTX_FLASH.ld" --specs=nosys.specs -Wl,-Map="Robo_v7.map" -Wl,--gc-sections -static --specs=nano.specs -mfpu=fpv4-sp-d16 -mfloat-abi=hard -mthumb -Wl,--start-group -lc -lm -Wl,--end-group
Finished building target: Robo_v7.elf
 
arm-none-eabi-objdump -h -S  Robo_v7.elf  > "Robo_v7.list"
arm-none-eabi-objcopy  -O binary  Robo_v7.elf  "Robo_v7.bin"
arm-none-eabi-size   Robo_v7.elf 
   text	   data	    bss	    dec	    hex	filename
  42156	    120	  80208	 122484	  1de74	Robo_v7.elf
Finished building: default.size.stdout
 
Finished building: Robo_v7.bin
 
Finished building: Robo_v7.list
 
18:21:15 **** Incremental Build of configuration Debug for project Robo_v7 ****
make -j4 all 
arm-none-eabi-gcc "../Src/main.c" -mcpu=cortex-m4 -std=gnu11 -g3 -DUSE_HAL_DRIVER -DDEBUG -DSTM32F407xx -c -I../Inc -I../Drivers/CMSIS/Include -I../Drivers/STM32F4xx_HAL_Driver/Inc -I../Drivers/CMSIS/Device/ST/STM32F4xx/Include -I../Drivers/STM32F4xx_HAL_Driver/Inc/Legacy -O0 -ffunction-sections -fdata-sections -Wall -fstack-usage -MMD -MP -MF"Src/main.d" -MT"Src/main.o" --specs=nano.specs -mfpu=fpv4-sp-d16 -mfloat-abi=hard -mthumb -o "Src/main.o"
../Src/main.c: In function 'main':
../Src/main.c:191:21: warning: passing argument 2 of 'f_write' discards 'volatile' qualifier from pointer target type [-Wdiscarded-qualifiers]
      f_write(&file, &cam_buf[i], 2, &bw);
                     ^
In file included from ../Src/main.c:26:0:
../Inc/ff.h:286:9: note: expected 'const void *' but argument is of type 'volatile uint16_t * {aka volatile short unsigned int *}'
 FRESULT f_write (FIL* fp, const void* buff, UINT btw, UINT* bw); /* Write data to the file */
         ^~~~~~~
arm-none-eabi-gcc -o "Robo_v7.elf" @"objects.list"   -mcpu=cortex-m4 -T"C:\Users\lewy\STM32CubeIDE\robo_v7_camera\Robo_v7\STM32F407VGTX_FLASH.ld" --specs=nosys.specs -Wl,-Map="Robo_v7.map" -Wl,--gc-sections -static --specs=nano.specs -mfpu=fpv4-sp-d16 -mfloat-abi=hard -mthumb -Wl,--start-group -lc -lm -Wl,--end-group
Finished building target: Robo_v7.elf
 
arm-none-eabi-objdump -h -S  Robo_v7.elf  > "Robo_v7.list"
arm-none-eabi-objcopy  -O binary  Robo_v7.elf  "Robo_v7.bin"
arm-none-eabi-size   Robo_v7.elf 
   text	   data	    bss	    dec	    hex	filename
  42156	    120	  80208	 122484	  1de74	Robo_v7.elf
Finished building: default.size.stdout
 
Finished building: Robo_v7.bin
 
Finished building: Robo_v7.list
 
21:38:34 **** Incremental Build of configuration Debug for project Robo_v7 ****
make -j4 all 
arm-none-eabi-gcc "../Src/main.c" -mcpu=cortex-m4 -std=gnu11 -g3 -DUSE_HAL_DRIVER -DDEBUG -DSTM32F407xx -c -I../Inc -I../Drivers/CMSIS/Include -I../Drivers/STM32F4xx_HAL_Driver/Inc -I../Drivers/CMSIS/Device/ST/STM32F4xx/Include -I../Drivers/STM32F4xx_HAL_Driver/Inc/Legacy -O0 -ffunction-sections -fdata-sections -Wall -fstack-usage -MMD -MP -MF"Src/main.d" -MT"Src/main.o" --specs=nano.specs -mfpu=fpv4-sp-d16 -mfloat-abi=hard -mthumb -o "Src/main.o"
arm-none-eabi-gcc -o "Robo_v7.elf" @"objects.list"   -mcpu=cortex-m4 -T"C:\Users\lewy\STM32CubeIDE\robo_v7_camera\Robo_v7\STM32F407VGTX_FLASH.ld" --specs=nosys.specs -Wl,-Map="Robo_v7.map" -Wl,--gc-sections -static --specs=nano.specs -mfpu=fpv4-sp-d16 -mfloat-abi=hard -mthumb -Wl,--start-group -lc -lm -Wl,--end-group
Finished building target: Robo_v7.elf
 
arm-none-eabi-objdump -h -S  Robo_v7.elf  > "Robo_v7.list"
arm-none-eabi-objcopy  -O binary  Robo_v7.elf  "Robo_v7.bin"
arm-none-eabi-size   Robo_v7.elf 
   text	   data	    bss	    dec	    hex	filename
  42156	    120	  80208	 122484	  1de74	Robo_v7.elf
Finished building: default.size.stdout
 
Finished building: Robo_v7.bin
 
Finished building: Robo_v7.list
 
21:39:37 **** Incremental Build of configuration Debug for project Robo_v7 ****
make -j4 all 
arm-none-eabi-gcc "../Src/main.c" -mcpu=cortex-m4 -std=gnu11 -g3 -DUSE_HAL_DRIVER -DDEBUG -DSTM32F407xx -c -I../Inc -I../Drivers/CMSIS/Include -I../Drivers/STM32F4xx_HAL_Driver/Inc -I../Drivers/CMSIS/Device/ST/STM32F4xx/Include -I../Drivers/STM32F4xx_HAL_Driver/Inc/Legacy -O0 -ffunction-sections -fdata-sections -Wall -fstack-usage -MMD -MP -MF"Src/main.d" -MT"Src/main.o" --specs=nano.specs -mfpu=fpv4-sp-d16 -mfloat-abi=hard -mthumb -o "Src/main.o"
../Src/main.c: In function 'main':
../Src/main.c:192:36: warning: passing argument 2 of 'HAL_UART_Transmit_IT' makes pointer from integer without a cast [-Wint-conversion]
      HAL_UART_Transmit_IT(&huart3, cam_buf[i], &bw);
                                    ^~~~~~~
In file included from ../Inc/stm32f4xx_hal_conf.h:364:0,
                 from ../Drivers/STM32F4xx_HAL_Driver/Inc/stm32f4xx_hal.h:30,
                 from ../Inc/main.h:31,
                 from ../Src/main.c:22:
../Drivers/STM32F4xx_HAL_Driver/Inc/stm32f4xx_hal_uart.h:698:19: note: expected 'uint8_t * {aka unsigned char *}' but argument is of type 'uint16_t {aka short unsigned int}'
 HAL_StatusTypeDef HAL_UART_Transmit_IT(UART_HandleTypeDef *huart, uint8_t *pData, uint16_t Size);
                   ^~~~~~~~~~~~~~~~~~~~
../Src/main.c:192:48: warning: passing argument 3 of 'HAL_UART_Transmit_IT' makes integer from pointer without a cast [-Wint-conversion]
      HAL_UART_Transmit_IT(&huart3, cam_buf[i], &bw);
                                                ^
In file included from ../Inc/stm32f4xx_hal_conf.h:364:0,
                 from ../Drivers/STM32F4xx_HAL_Driver/Inc/stm32f4xx_hal.h:30,
                 from ../Inc/main.h:31,
                 from ../Src/main.c:22:
../Drivers/STM32F4xx_HAL_Driver/Inc/stm32f4xx_hal_uart.h:698:19: note: expected 'uint16_t {aka short unsigned int}' but argument is of type 'UINT * {aka unsigned int *}'
 HAL_StatusTypeDef HAL_UART_Transmit_IT(UART_HandleTypeDef *huart, uint8_t *pData, uint16_t Size);
                   ^~~~~~~~~~~~~~~~~~~~
arm-none-eabi-gcc -o "Robo_v7.elf" @"objects.list"   -mcpu=cortex-m4 -T"C:\Users\lewy\STM32CubeIDE\robo_v7_camera\Robo_v7\STM32F407VGTX_FLASH.ld" --specs=nosys.specs -Wl,-Map="Robo_v7.map" -Wl,--gc-sections -static --specs=nano.specs -mfpu=fpv4-sp-d16 -mfloat-abi=hard -mthumb -Wl,--start-group -lc -lm -Wl,--end-group
Finished building target: Robo_v7.elf
 
arm-none-eabi-objdump -h -S  Robo_v7.elf  > "Robo_v7.list"
[...]
arm-none-eabi-gcc "../Drivers/STM32F4xx_HAL_Driver/Src/stm32f4xx_hal_dma.c" -mcpu=cortex-m4 -std=gnu11 -g3 -DUSE_HAL_DRIVER -DDEBUG -DSTM32F407xx -c -I../Inc -I../Drivers/CMSIS/Include -I../Drivers/STM32F4xx_HAL_Driver/Inc -I../Drivers/CMSIS/Device/ST/STM32F4xx/Include -I../Drivers/STM32F4xx_HAL_Driver/Inc/Legacy -O0 -ffunction-sections -fdata-sections -Wall -fstack-usage -MMD -MP -MF"Drivers/STM32F4xx_HAL_Driver/Src/stm32f4xx_hal_dma.d" -MT"Drivers/STM32F4xx_HAL_Driver/Src/stm32f4xx_hal_dma.o" --specs=nano.specs -mfpu=fpv4-sp-d16 -mfloat-abi=hard -mthumb -o "Drivers/STM32F4xx_HAL_Driver/Src/stm32f4xx_hal_dma.o"
arm-none-eabi-gcc "../Drivers/STM32F4xx_HAL_Driver/Src/stm32f4xx_hal_dma_ex.c" -mcpu=cortex-m4 -std=gnu11 -g3 -DUSE_HAL_DRIVER -DDEBUG -DSTM32F407xx -c -I../Inc -I../Drivers/CMSIS/Include -I../Drivers/STM32F4xx_HAL_Driver/Inc -I../Drivers/CMSIS/Device/ST/STM32F4xx/Include -I../Drivers/STM32F4xx_HAL_Driver/Inc/Legacy -O0 -ffunction-sections -fdata-sections -Wall -fstack-usage -MMD -MP -MF"Drivers/STM32F4xx_HAL_Driver/Src/stm32f4xx_hal_dma_ex.d" -MT"Drivers/STM32F4xx_HAL_Driver/Src/stm32f4xx_hal_dma_ex.o" --specs=nano.specs -mfpu=fpv4-sp-d16 -mfloat-abi=hard -mthumb -o "Drivers/STM32F4xx_HAL_Driver/Src/stm32f4xx_hal_dma_ex.o"
arm-none-eabi-gcc "../Drivers/STM32F4xx_HAL_Driver/Src/stm32f4xx_hal_exti.c" -mcpu=cortex-m4 -std=gnu11 -g3 -DUSE_HAL_DRIVER -DDEBUG -DSTM32F407xx -c -I../Inc -I../Drivers/CMSIS/Include -I../Drivers/STM32F4xx_HAL_Driver/Inc -I../Drivers/CMSIS/Device/ST/STM32F4xx/Include -I../Drivers/STM32F4xx_HAL_Driver/Inc/Legacy -O0 -ffunction-sections -fdata-sections -Wall -fstack-usage -MMD -MP -MF"Drivers/STM32F4xx_HAL_Driver/Src/stm32f4xx_hal_exti.d" -MT"Drivers/STM32F4xx_HAL_Driver/Src/stm32f4xx_hal_exti.o" --specs=nano.specs -mfpu=fpv4-sp-d16 -mfloat-abi=hard -mthumb -o "Drivers/STM32F4xx_HAL_Driver/Src/stm32f4xx_hal_exti.o"
arm-none-eabi-gcc "../Drivers/STM32F4xx_HAL_Driver/Src/stm32f4xx_hal_flash.c" -mcpu=cortex-m4 -std=gnu11 -g3 -DUSE_HAL_DRIVER -DDEBUG -DSTM32F407xx -c -I../Inc -I../Drivers/CMSIS/Include -I../Drivers/STM32F4xx_HAL_Driver/Inc -I../Drivers/CMSIS/Device/ST/STM32F4xx/Include -I../Drivers/STM32F4xx_HAL_Driver/Inc/Legacy -O0 -ffunction-sections -fdata-sections -Wall -fstack-usage -MMD -MP -MF"Drivers/STM32F4xx_HAL_Driver/Src/stm32f4xx_hal_flash.d" -MT"Drivers/STM32F4xx_HAL_Driver/Src/stm32f4xx_hal_flash.o" --specs=nano.specs -mfpu=fpv4-sp-d16 -mfloat-abi=hard -mthumb -o "Drivers/STM32F4xx_HAL_Driver/Src/stm32f4xx_hal_flash.o"
arm-none-eabi-gcc "../Drivers/STM32F4xx_HAL_Driver/Src/stm32f4xx_hal_flash_ex.c" -mcpu=cortex-m4 -std=gnu11 -g3 -DUSE_HAL_DRIVER -DDEBUG -DSTM32F407xx -c -I../Inc -I../Drivers/CMSIS/Include -I../Drivers/STM32F4xx_HAL_Driver/Inc -I../Drivers/CMSIS/Device/ST/STM32F4xx/Include -I../Drivers/STM32F4xx_HAL_Driver/Inc/Legacy -O0 -ffunction-sections -fdata-sections -Wall -fstack-usage -MMD -MP -MF"Drivers/STM32F4xx_HAL_Driver/Src/stm32f4xx_hal_flash_ex.d" -MT"Drivers/STM32F4xx_HAL_Driver/Src/stm32f4xx_hal_flash_ex.o" --specs=nano.specs -mfpu=fpv4-sp-d16 -mfloat-abi=hard -mthumb -o "Drivers/STM32F4xx_HAL_Driver/Src/stm32f4xx_hal_flash_ex.o"
arm-none-eabi-gcc "../Drivers/STM32F4xx_HAL_Driver/Src/stm32f4xx_hal_flash_ramfunc.c" -mcpu=cortex-m4 -std=gnu11 -g3 -DUSE_HAL_DRIVER -DDEBUG -DSTM32F407xx -c -I../Inc -I../Drivers/CMSIS/Include -I../Drivers/STM32F4xx_HAL_Driver/Inc -I../Drivers/CMSIS/Device/ST/STM32F4xx/Include -I../Drivers/STM32F4xx_HAL_Driver/Inc/Legacy -O0 -ffunction-sections -fdata-sections -Wall -fstack-usage -MMD -MP -MF"Drivers/STM32F4xx_HAL_Driver/Src/stm32f4xx_hal_flash_ramfunc.d" -MT"Drivers/STM32F4xx_HAL_Driver/Src/stm32f4xx_hal_flash_ramfunc.o" --specs=nano.specs -mfpu=fpv4-sp-d16 -mfloat-abi=hard -mthumb -o "Drivers/STM32F4xx_HAL_Driver/Src/stm32f4xx_hal_flash_ramfunc.o"
arm-none-eabi-gcc "../Drivers/STM32F4xx_HAL_Driver/Src/stm32f4xx_hal_gpio.c" -mcpu=cortex-m4 -std=gnu11 -g3 -DUSE_HAL_DRIVER -DDEBUG -DSTM32F407xx -c -I../Inc -I../Drivers/CMSIS/Include -I../Drivers/STM32F4xx_HAL_Driver/Inc -I../Drivers/CMSIS/Device/ST/STM32F4xx/Include -I../Drivers/STM32F4xx_HAL_Driver/Inc/Legacy -O0 -ffunction-sections -fdata-sections -Wall -fstack-usage -MMD -MP -MF"Drivers/STM32F4xx_HAL_Driver/Src/stm32f4xx_hal_gpio.d" -MT"Drivers/STM32F4xx_HAL_Driver/Src/stm32f4xx_hal_gpio.o" --specs=nano.specs -mfpu=fpv4-sp-d16 -mfloat-abi=hard -mthumb -o "Drivers/STM32F4xx_HAL_Driver/Src/stm32f4xx_hal_gpio.o"
arm-none-eabi-gcc "../Drivers/STM32F4xx_HAL_Driver/Src/stm32f4xx_hal_i2c.c" -mcpu=cortex-m4 -std=gnu11 -g3 -DUSE_HAL_DRIVER -DDEBUG -DSTM32F407xx -c -I../Inc -I../Drivers/CMSIS/Include -I../Drivers/STM32F4xx_HAL_Driver/Inc -I../Drivers/CMSIS/Device/ST/STM32F4xx/Include -I../Drivers/STM32F4xx_HAL_Driver/Inc/Legacy -O0 -ffunction-sections -fdata-sections -Wall -fstack-usage -MMD -MP -MF"Drivers/STM32F4xx_HAL_Driver/Src/stm32f4xx_hal_i2c.d" -MT"Drivers/STM32F4xx_HAL_Driver/Src/stm32f4xx_hal_i2c.o" --specs=nano.specs -mfpu=fpv4-sp-d16 -mfloat-abi=hard -mthumb -o "Drivers/STM32F4xx_HAL_Driver/Src/stm32f4xx_hal_i2c.o"
arm-none-eabi-gcc "../Drivers/STM32F4xx_HAL_Driver/Src/stm32f4xx_hal_i2c_ex.c" -mcpu=cortex-m4 -std=gnu11 -g3 -DUSE_HAL_DRIVER -DDEBUG -DSTM32F407xx -c -I../Inc -I../Drivers/CMSIS/Include -I../Drivers/STM32F4xx_HAL_Driver/Inc -I../Drivers/CMSIS/Device/ST/STM32F4xx/Include -I../Drivers/STM32F4xx_HAL_Driver/Inc/Legacy -O0 -ffunction-sections -fdata-sections -Wall -fstack-usage -MMD -MP -MF"Drivers/STM32F4xx_HAL_Driver/Src/stm32f4xx_hal_i2c_ex.d" -MT"Drivers/STM32F4xx_HAL_Driver/Src/stm32f4xx_hal_i2c_ex.o" --specs=nano.specs -mfpu=fpv4-sp-d16 -mfloat-abi=hard -mthumb -o "Drivers/STM32F4xx_HAL_Driver/Src/stm32f4xx_hal_i2c_ex.o"
arm-none-eabi-gcc "../Drivers/STM32F4xx_HAL_Driver/Src/stm32f4xx_hal_pwr.c" -mcpu=cortex-m4 -std=gnu11 -g3 -DUSE_HAL_DRIVER -DDEBUG -DSTM32F407xx -c -I../Inc -I../Drivers/CMSIS/Include -I../Drivers/STM32F4xx_HAL_Driver/Inc -I../Drivers/CMSIS/Device/ST/STM32F4xx/Include -I../Drivers/STM32F4xx_HAL_Driver/Inc/Legacy -O0 -ffunction-sections -fdata-sections -Wall -fstack-usage -MMD -MP -MF"Drivers/STM32F4xx_HAL_Driver/Src/stm32f4xx_hal_pwr.d" -MT"Drivers/STM32F4xx_HAL_Driver/Src/stm32f4xx_hal_pwr.o" --specs=nano.specs -mfpu=fpv4-sp-d16 -mfloat-abi=hard -mthumb -o "Drivers/STM32F4xx_HAL_Driver/Src/stm32f4xx_hal_pwr.o"
arm-none-eabi-gcc "../Drivers/STM32F4xx_HAL_Driver/Src/stm32f4xx_hal_pwr_ex.c" -mcpu=cortex-m4 -std=gnu11 -g3 -DUSE_HAL_DRIVER -DDEBUG -DSTM32F407xx -c -I../Inc -I../Drivers/CMSIS/Include -I../Drivers/STM32F4xx_HAL_Driver/Inc -I../Drivers/CMSIS/Device/ST/STM32F4xx/Include -I../Drivers/STM32F4xx_HAL_Driver/Inc/Legacy -O0 -ffunction-sections -fdata-sections -Wall -fstack-usage -MMD -MP -MF"Drivers/STM32F4xx_HAL_Driver/Src/stm32f4xx_hal_pwr_ex.d" -MT"Drivers/STM32F4xx_HAL_Driver/Src/stm32f4xx_hal_pwr_ex.o" --specs=nano.specs -mfpu=fpv4-sp-d16 -mfloat-abi=hard -mthumb -o "Drivers/STM32F4xx_HAL_Driver/Src/stm32f4xx_hal_pwr_ex.o"
arm-none-eabi-gcc "../Drivers/STM32F4xx_HAL_Driver/Src/stm32f4xx_hal_rcc.c" -mcpu=cortex-m4 -std=gnu11 -g3 -DUSE_HAL_DRIVER -DDEBUG -DSTM32F407xx -c -I../Inc -I../Drivers/CMSIS/Include -I../Drivers/STM32F4xx_HAL_Driver/Inc -I../Drivers/CMSIS/Device/ST/STM32F4xx/Include -I../Drivers/STM32F4xx_HAL_Driver/Inc/Legacy -O0 -ffunction-sections -fdata-sections -Wall -fstack-usage -MMD -MP -MF"Drivers/STM32F4xx_HAL_Driver/Src/stm32f4xx_hal_rcc.d" -MT"Drivers/STM32F4xx_HAL_Driver/Src/stm32f4xx_hal_rcc.o" --specs=nano.specs -mfpu=fpv4-sp-d16 -mfloat-abi=hard -mthumb -o "Drivers/STM32F4xx_HAL_Driver/Src/stm32f4xx_hal_rcc.o"
arm-none-eabi-gcc "../Drivers/STM32F4xx_HAL_Driver/Src/stm32f4xx_hal_rcc_ex.c" -mcpu=cortex-m4 -std=gnu11 -g3 -DUSE_HAL_DRIVER -DDEBUG -DSTM32F407xx -c -I../Inc -I../Drivers/CMSIS/Include -I../Drivers/STM32F4xx_HAL_Driver/Inc -I../Drivers/CMSIS/Device/ST/STM32F4xx/Include -I../Drivers/STM32F4xx_HAL_Driver/Inc/Legacy -O0 -ffunction-sections -fdata-sections -Wall -fstack-usage -MMD -MP -MF"Drivers/STM32F4xx_HAL_Driver/Src/stm32f4xx_hal_rcc_ex.d" -MT"Drivers/STM32F4xx_HAL_Driver/Src/stm32f4xx_hal_rcc_ex.o" --specs=nano.specs -mfpu=fpv4-sp-d16 -mfloat-abi=hard -mthumb -o "Drivers/STM32F4xx_HAL_Driver/Src/stm32f4xx_hal_rcc_ex.o"
arm-none-eabi-gcc "../Drivers/STM32F4xx_HAL_Driver/Src/stm32f4xx_hal_spi.c" -mcpu=cortex-m4 -std=gnu11 -g3 -DUSE_HAL_DRIVER -DDEBUG -DSTM32F407xx -c -I../Inc -I../Drivers/CMSIS/Include -I../Drivers/STM32F4xx_HAL_Driver/Inc -I../Drivers/CMSIS/Device/ST/STM32F4xx/Include -I../Drivers/STM32F4xx_HAL_Driver/Inc/Legacy -O0 -ffunction-sections -fdata-sections -Wall -fstack-usage -MMD -MP -MF"Drivers/STM32F4xx_HAL_Driver/Src/stm32f4xx_hal_spi.d" -MT"Drivers/STM32F4xx_HAL_Driver/Src/stm32f4xx_hal_spi.o" --specs=nano.specs -mfpu=fpv4-sp-d16 -mfloat-abi=hard -mthumb -o "Drivers/STM32F4xx_HAL_Driver/Src/stm32f4xx_hal_spi.o"
arm-none-eabi-gcc "../Drivers/STM32F4xx_HAL_Driver/Src/stm32f4xx_hal_tim.c" -mcpu=cortex-m4 -std=gnu11 -g3 -DUSE_HAL_DRIVER -DDEBUG -DSTM32F407xx -c -I../Inc -I../Drivers/CMSIS/Include -I../Drivers/STM32F4xx_HAL_Driver/Inc -I../Drivers/CMSIS/Device/ST/STM32F4xx/Include -I../Drivers/STM32F4xx_HAL_Driver/Inc/Legacy -O0 -ffunction-sections -fdata-sections -Wall -fstack-usage -MMD -MP -MF"Drivers/STM32F4xx_HAL_Driver/Src/stm32f4xx_hal_tim.d" -MT"Drivers/STM32F4xx_HAL_Driver/Src/stm32f4xx_hal_tim.o" --specs=nano.specs -mfpu=fpv4-sp-d16 -mfloat-abi=hard -mthumb -o "Drivers/STM32F4xx_HAL_Driver/Src/stm32f4xx_hal_tim.o"
arm-none-eabi-gcc "../Drivers/STM32F4xx_HAL_Driver/Src/stm32f4xx_hal_tim_ex.c" -mcpu=cortex-m4 -std=gnu11 -g3 -DUSE_HAL_DRIVER -DDEBUG -DSTM32F407xx -c -I../Inc -I../Drivers/CMSIS/Include -I../Drivers/STM32F4xx_HAL_Driver/Inc -I../Drivers/CMSIS/Device/ST/STM32F4xx/Include -I../Drivers/STM32F4xx_HAL_Driver/Inc/Legacy -O0 -ffunction-sections -fdata-sections -Wall -fstack-usage -MMD -MP -MF"Drivers/STM32F4xx_HAL_Driver/Src/stm32f4xx_hal_tim_ex.d" -MT"Drivers/STM32F4xx_HAL_Driver/Src/stm32f4xx_hal_tim_ex.o" --specs=nano.specs -mfpu=fpv4-sp-d16 -mfloat-abi=hard -mthumb -o "Drivers/STM32F4xx_HAL_Driver/Src/stm32f4xx_hal_tim_ex.o"
arm-none-eabi-gcc "../Drivers/STM32F4xx_HAL_Driver/Src/stm32f4xx_hal_uart.c" -mcpu=cortex-m4 -std=gnu11 -g3 -DUSE_HAL_DRIVER -DDEBUG -DSTM32F407xx -c -I../Inc -I../Drivers/CMSIS/Include -I../Drivers/STM32F4xx_HAL_Driver/Inc -I../Drivers/CMSIS/Device/ST/STM32F4xx/Include -I../Drivers/STM32F4xx_HAL_Driver/Inc/Legacy -O0 -ffunction-sections -fdata-sections -Wall -fstack-usage -MMD -MP -MF"Drivers/STM32F4xx_HAL_Driver/Src/stm32f4xx_hal_uart.d" -MT"Drivers/STM32F4xx_HAL_Driver/Src/stm32f4xx_hal_uart.o" --specs=nano.specs -mfpu=fpv4-sp-d16 -mfloat-abi=hard -mthumb -o "Drivers/STM32F4xx_HAL_Driver/Src/stm32f4xx_hal_uart.o"
arm-none-eabi-gcc "../Src/camera.c" -mcpu=cortex-m4 -std=gnu11 -g3 -DUSE_HAL_DRIVER -DDEBUG -DSTM32F407xx -c -I../Inc -I../Drivers/CMSIS/Include -I../Drivers/STM32F4xx_HAL_Driver/Inc -I../Drivers/CMSIS/Device/ST/STM32F4xx/Include -I../Drivers/STM32F4xx_HAL_Driver/Inc/Legacy -O0 -ffunction-sections -fdata-sections -Wall -fstack-usage -MMD -MP -MF"Src/camera.d" -MT"Src/camera.o" --specs=nano.specs -mfpu=fpv4-sp-d16 -mfloat-abi=hard -mthumb -o "Src/camera.o"
arm-none-eabi-gcc "../Src/main.c" -mcpu=cortex-m4 -std=gnu11 -g3 -DUSE_HAL_DRIVER -DDEBUG -DSTM32F407xx -c -I../Inc -I../Drivers/CMSIS/Include -I../Drivers/STM32F4xx_HAL_Driver/Inc -I../Drivers/CMSIS/Device/ST/STM32F4xx/Include -I../Drivers/STM32F4xx_HAL_Driver/Inc/Legacy -O0 -ffunction-sections -fdata-sections -Wall -fstack-usage -MMD -MP -MF"Src/main.d" -MT"Src/main.o" --specs=nano.specs -mfpu=fpv4-sp-d16 -mfloat-abi=hard -mthumb -o "Src/main.o"
arm-none-eabi-gcc "../Src/ov7670.c" -mcpu=cortex-m4 -std=gnu11 -g3 -DUSE_HAL_DRIVER -DDEBUG -DSTM32F407xx -c -I../Inc -I../Drivers/CMSIS/Include -I../Drivers/STM32F4xx_HAL_Driver/Inc -I../Drivers/CMSIS/Device/ST/STM32F4xx/Include -I../Drivers/STM32F4xx_HAL_Driver/Inc/Legacy -O0 -ffunction-sections -fdata-sections -Wall -fstack-usage -MMD -MP -MF"Src/ov7670.d" -MT"Src/ov7670.o" --specs=nano.specs -mfpu=fpv4-sp-d16 -mfloat-abi=hard -mthumb -o "Src/ov7670.o"
arm-none-eabi-gcc "../Src/stm32f4xx_hal_msp.c" -mcpu=cortex-m4 -std=gnu11 -g3 -DUSE_HAL_DRIVER -DDEBUG -DSTM32F407xx -c -I../Inc -I../Drivers/CMSIS/Include -I../Drivers/STM32F4xx_HAL_Driver/Inc -I../Drivers/CMSIS/Device/ST/STM32F4xx/Include -I../Drivers/STM32F4xx_HAL_Driver/Inc/Legacy -O0 -ffunction-sections -fdata-sections -Wall -fstack-usage -MMD -MP -MF"Src/stm32f4xx_hal_msp.d" -MT"Src/stm32f4xx_hal_msp.o" --specs=nano.specs -mfpu=fpv4-sp-d16 -mfloat-abi=hard -mthumb -o "Src/stm32f4xx_hal_msp.o"
arm-none-eabi-gcc "../Src/stm32f4xx_it.c" -mcpu=cortex-m4 -std=gnu11 -g3 -DUSE_HAL_DRIVER -DDEBUG -DSTM32F407xx -c -I../Inc -I../Drivers/CMSIS/Include -I../Drivers/STM32F4xx_HAL_Driver/Inc -I../Drivers/CMSIS/Device/ST/STM32F4xx/Include -I../Drivers/STM32F4xx_HAL_Driver/Inc/Legacy -O0 -ffunction-sections -fdata-sections -Wall -fstack-usage -MMD -MP -MF"Src/stm32f4xx_it.d" -MT"Src/stm32f4xx_it.o" --specs=nano.specs -mfpu=fpv4-sp-d16 -mfloat-abi=hard -mthumb -o "Src/stm32f4xx_it.o"
arm-none-eabi-gcc -o "Robo_v7.elf" @"objects.list"   -mcpu=cortex-m4 -T"C:\Users\lewy\STM32CubeIDE\robo_v7_camera\Robo_v7\STM32F407VGTX_FLASH.ld" --specs=nosys.specs -Wl,-Map="Robo_v7.map" -Wl,--gc-sections -static --specs=nano.specs -mfpu=fpv4-sp-d16 -mfloat-abi=hard -mthumb -Wl,--start-group -lc -lm -Wl,--end-group
Finished building target: Robo_v7.elf
 
arm-none-eabi-objdump -h -S  Robo_v7.elf  > "Robo_v7.list"
arm-none-eabi-objcopy  -O binary  Robo_v7.elf  "Robo_v7.bin"
arm-none-eabi-size   Robo_v7.elf 
   text	   data	    bss	    dec	    hex	filename
  49336	    560	  80400	 130296	  1fcf8	Robo_v7.elf
Finished building: default.size.stdout
 
Finished building: Robo_v7.bin
 
Finished building: Robo_v7.list
 
10:24:29 **** Incremental Build of configuration Debug for project Robo_v7 ****
make -j4 all 
arm-none-eabi-gcc "../Src/main.c" -mcpu=cortex-m4 -std=gnu11 -g3 -DUSE_HAL_DRIVER -DDEBUG -DSTM32F407xx -c -I../Inc -I../Drivers/CMSIS/Include -I../Drivers/STM32F4xx_HAL_Driver/Inc -I../Drivers/CMSIS/Device/ST/STM32F4xx/Include -I../Drivers/STM32F4xx_HAL_Driver/Inc/Legacy -O0 -ffunction-sections -fdata-sections -Wall -fstack-usage -MMD -MP -MF"Src/main.d" -MT"Src/main.o" --specs=nano.specs -mfpu=fpv4-sp-d16 -mfloat-abi=hard -mthumb -o "Src/main.o"
arm-none-eabi-gcc -o "Robo_v7.elf" @"objects.list"   -mcpu=cortex-m4 -T"C:\Users\lewy\STM32CubeIDE\robo_v7_camera\Robo_v7\STM32F407VGTX_FLASH.ld" --specs=nosys.specs -Wl,-Map="Robo_v7.map" -Wl,--gc-sections -static --specs=nano.specs -mfpu=fpv4-sp-d16 -mfloat-abi=hard -mthumb -Wl,--start-group -lc -lm -Wl,--end-group
Finished building target: Robo_v7.elf
 
arm-none-eabi-objdump -h -S  Robo_v7.elf  > "Robo_v7.list"
arm-none-eabi-objcopy  -O binary  Robo_v7.elf  "Robo_v7.bin"
arm-none-eabi-size   Robo_v7.elf 
   text	   data	    bss	    dec	    hex	filename
  49396	    560	  80400	 130356	  1fd34	Robo_v7.elf
Finished building: default.size.stdout
 
Finished building: Robo_v7.bin
 
Finished building: Robo_v7.list
 
10:28:43 **** Incremental Build of configuration Debug for project Robo_v7 ****
make -j4 all 
arm-none-eabi-gcc "../Src/main.c" -mcpu=cortex-m4 -std=gnu11 -g3 -DUSE_HAL_DRIVER -DDEBUG -DSTM32F407xx -c -I../Inc -I../Drivers/CMSIS/Include -I../Drivers/STM32F4xx_HAL_Driver/Inc -I../Drivers/CMSIS/Device/ST/STM32F4xx/Include -I../Drivers/STM32F4xx_HAL_Driver/Inc/Legacy -O0 -ffunction-sections -fdata-sections -Wall -fstack-usage -MMD -MP -MF"Src/main.d" -MT"Src/main.o" --specs=nano.specs -mfpu=fpv4-sp-d16 -mfloat-abi=hard -mthumb -o "Src/main.o"
arm-none-eabi-gcc -o "Robo_v7.elf" @"objects.list"   -mcpu=cortex-m4 -T"C:\Users\lewy\STM32CubeIDE\robo_v7_camera\Robo_v7\STM32F407VGTX_FLASH.ld" --specs=nosys.specs -Wl,-Map="Robo_v7.map" -Wl,--gc-sections -static --specs=nano.specs -mfpu=fpv4-sp-d16 -mfloat-abi=hard -mthumb -Wl,--start-group -lc -lm -Wl,--end-group
Finished building target: Robo_v7.elf
 
arm-none-eabi-objdump -h -S  Robo_v7.elf  > "Robo_v7.list"
arm-none-eabi-objcopy  -O binary  Robo_v7.elf  "Robo_v7.bin"
arm-none-eabi-size   Robo_v7.elf 
   text	   data	    bss	    dec	    hex	filename
  49412	    560	  80400	 130372	  1fd44	Robo_v7.elf
Finished building: default.size.stdout
 
Finished building: Robo_v7.bin
 
Finished building: Robo_v7.list
 
10:28:59 **** Incremental Build of configuration Debug for project Robo_v7 ****
make -j4 all 
arm-none-eabi-size   Robo_v7.elf 
   text	   data	    bss	    dec	    hex	filename
  49412	    560	  80400	 130372	  1fd44	Robo_v7.elf
Finished building: default.size.stdout
 
10:29:14 **** Incremental Build of configuration Debug for project Robo_v7 ****
make -j4 all 
arm-none-eabi-size   Robo_v7.elf 
   text	   data	    bss	    dec	    hex	filename
  49412	    560	  80400	 130372	  1fd44	Robo_v7.elf
Finished building: default.size.stdout
 
10:33:24 **** Incremental Build of configuration Debug for project Robo_v7 ****
make -j4 all 
arm-none-eabi-gcc "../Src/main.c" -mcpu=cortex-m4 -std=gnu11 -g3 -DUSE_HAL_DRIVER -DDEBUG -DSTM32F407xx -c -I../Inc -I../Drivers/CMSIS/Include -I../Drivers/STM32F4xx_HAL_Driver/Inc -I../Drivers/CMSIS/Device/ST/STM32F4xx/Include -I../Drivers/STM32F4xx_HAL_Driver/Inc/Legacy -O0 -ffunction-sections -fdata-sections -Wall -fstack-usage -MMD -MP -MF"Src/main.d" -MT"Src/main.o" --specs=nano.specs -mfpu=fpv4-sp-d16 -mfloat-abi=hard -mthumb -o "Src/main.o"
arm-none-eabi-gcc -o "Robo_v7.elf" @"objects.list"   -mcpu=cortex-m4 -T"C:\Users\lewy\STM32CubeIDE\robo_v7_camera\Robo_v7\STM32F407VGTX_FLASH.ld" --specs=nosys.specs -Wl,-Map="Robo_v7.map" -Wl,--gc-sections -static --specs=nano.specs -mfpu=fpv4-sp-d16 -mfloat-abi=hard -mthumb -Wl,--start-group -lc -lm -Wl,--end-group
Finished building target: Robo_v7.elf
 
arm-none-eabi-objdump -h -S  Robo_v7.elf  > "Robo_v7.list"
arm-none-eabi-objcopy  -O binary  Robo_v7.elf  "Robo_v7.bin"
arm-none-eabi-size   Robo_v7.elf 
   text	   data	    bss	    dec	    hex	filename
  49412	    560	  80400	 130372	  1fd44	Robo_v7.elf
Finished building: default.size.stdout
 
Finished building: Robo_v7.bin
 
Finished building: Robo_v7.list
 
10:40:10 **** Incremental Build of configuration Debug for project Robo_v7 ****
make -j4 all 
arm-none-eabi-gcc "../Src/main.c" -mcpu=cortex-m4 -std=gnu11 -g3 -DUSE_HAL_DRIVER -DDEBUG -DSTM32F407xx -c -I../Inc -I../Drivers/CMSIS/Include -I../Drivers/STM32F4xx_HAL_Driver/Inc -I../Drivers/CMSIS/Device/ST/STM32F4xx/Include -I../Drivers/STM32F4xx_HAL_Driver/Inc/Legacy -O0 -ffunction-sections -fdata-sections -Wall -fstack-usage -MMD -MP -MF"Src/main.d" -MT"Src/main.o" --specs=nano.specs -mfpu=fpv4-sp-d16 -mfloat-abi=hard -mthumb -o "Src/main.o"
arm-none-eabi-gcc -o "Robo_v7.elf" @"objects.list"   -mcpu=cortex-m4 -T"C:\Users\lewy\STM32CubeIDE\robo_v7_camera\Robo_v7\STM32F407VGTX_FLASH.ld" --specs=nosys.specs -Wl,-Map="Robo_v7.map" -Wl,--gc-sections -static --specs=nano.specs -mfpu=fpv4-sp-d16 -mfloat-abi=hard -mthumb -Wl,--start-group -lc -lm -Wl,--end-group
Finished building target: Robo_v7.elf
 
arm-none-eabi-objdump -h -S  Robo_v7.elf  > "Robo_v7.list"
arm-none-eabi-objcopy  -O binary  Robo_v7.elf  "Robo_v7.bin"
arm-none-eabi-size   Robo_v7.elf 
   text	   data	    bss	    dec	    hex	filename
  49412	    560	  80400	 130372	  1fd44	Robo_v7.elf
Finished building: default.size.stdout
 
Finished building: Robo_v7.bin
 
Finished building: Robo_v7.list
 
