10:40:10 **** Incremental Build of configuration Debug for project Robo_v7 ****
make -j4 all 
arm-none-eabi-gcc "../Src/main.c" -mcpu=cortex-m4 -std=gnu11 -g3 -DUSE_HAL_DRIVER -DDEBUG -DSTM32F407xx -c -I../Inc -I../Drivers/CMSIS/Include -I../Drivers/STM32F4xx_HAL_Driver/Inc -I../Drivers/CMSIS/Device/ST/STM32F4xx/Include -I../Drivers/STM32F4xx_HAL_Driver/Inc/Legacy -O0 -ffunction-sections -fdata-sections -Wall -fstack-usage -MMD -MP -MF"Src/main.d" -MT"Src/main.o" --specs=nano.specs -mfpu=fpv4-sp-d16 -mfloat-abi=hard -mthumb -o "Src/main.o"
arm-none-eabi-gcc -o "Robo_v7.elf" @"objects.list"   -mcpu=cortex-m4 -T"C:\Users\lewy\STM32CubeIDE\robo_v7_camera\Robo_v7\STM32F407VGTX_FLASH.ld" --specs=nosys.specs -Wl,-Map="Robo_v7.map" -Wl,--gc-sections -static --specs=nano.specs -mfpu=fpv4-sp-d16 -mfloat-abi=hard -mthumb -Wl,--start-group -lc -lm -Wl,--end-group
Finished building target: Robo_v7.elf
 
arm-none-eabi-objdump -h -S  Robo_v7.elf  > "Robo_v7.list"
arm-none-eabi-objcopy  -O binary  Robo_v7.elf  "Robo_v7.bin"
arm-none-eabi-size   Robo_v7.elf 
   text	   data	    bss	    dec	    hex	filename
  49412	    560	  80400	 130372	  1fd44	Robo_v7.elf
Finished building: default.size.stdout
 
Finished building: Robo_v7.bin
 
Finished building: Robo_v7.list
 

10:40:12 Build Finished. 0 errors, 0 warnings. (took 2s.292ms)

