core_cm4.h:2064:26:ITM_SendChar	16	static,ignoring_inline_asm
main.c:83:5:_write	32	static
main.c:93:6:HAL_GPIO_EXTI_Callback	24	static
main.c:127:6:process_pack_motor	32	static
main.c:214:6:read_pack	24	static
main.c:255:6:HAL_TIM_PeriodElapsedCallback	16	static
main.c:264:6:HAL_UART_RxCpltCallback	16	static
main.c:311:5:main	8	static
main.c:425:6:SystemClock_Config	88	static
main.c:468:13:MX_TIM4_Init	64	static
main.c:532:13:MX_USART3_UART_Init	8	static
main.c:565:13:MX_GPIO_Init	48	static
main.c:634:6:Error_Handler	4	static
