core_cm4.h:2064:26:ITM_SendChar	16	static,ignoring_inline_asm
main.c:101:5:_write	32	static
main.c:111:6:HAL_GPIO_EXTI_Callback	24	static
main.c:144:6:process_pack_motor	32	static
main.c:230:6:read_pack	24	static
main.c:270:6:HAL_TIM_PeriodElapsedCallback	16	static
main.c:279:6:HAL_UART_RxCpltCallback	16	static
main.c:335:5:main	16	static
main.c:469:6:SystemClock_Config	88	static
main.c:513:13:MX_DCMI_Init	8	static
main.c:547:13:MX_I2C1_Init	8	static
main.c:581:13:MX_TIM1_Init	32	static
main.c:627:13:MX_TIM3_Init	64	static
main.c:690:13:MX_USART3_UART_Init	8	static
main.c:721:13:MX_DMA_Init	16	static
main.c:743:13:MX_GPIO_Init	56	static
main.c:818:6:Error_Handler	4	static
