core_cm4.h:2064:26:ITM_SendChar	16	static,ignoring_inline_asm
main.c:85:5:_write	32	static
main.c:95:6:HAL_GPIO_EXTI_Callback	24	static
main.c:128:6:process_pack_motor	32	static
main.c:214:6:read_pack	24	static
main.c:254:6:HAL_TIM_PeriodElapsedCallback	16	static
main.c:263:6:HAL_UART_RxCpltCallback	16	static
main.c:310:5:main	8	static
main.c:425:6:SystemClock_Config	88	static
main.c:468:13:MX_TIM1_Init	32	static
main.c:514:13:MX_TIM3_Init	64	static
main.c:577:13:MX_USART3_UART_Init	8	static
main.c:610:13:MX_GPIO_Init	56	static
main.c:717:6:Error_Handler	4	static
