stm32f4xx_it.c:75:6:NMI_Handler	4	static
stm32f4xx_it.c:88:6:HardFault_Handler	4	static
stm32f4xx_it.c:103:6:MemManage_Handler	4	static
stm32f4xx_it.c:118:6:BusFault_Handler	4	static
stm32f4xx_it.c:133:6:UsageFault_Handler	4	static
stm32f4xx_it.c:148:6:SVC_Handler	4	static
stm32f4xx_it.c:161:6:DebugMon_Handler	4	static
stm32f4xx_it.c:174:6:PendSV_Handler	4	static
stm32f4xx_it.c:187:6:SysTick_Handler	8	static
stm32f4xx_it.c:208:6:RCC_IRQHandler	4	static
stm32f4xx_it.c:221:6:EXTI0_IRQHandler	8	static
stm32f4xx_it.c:235:6:EXTI1_IRQHandler	8	static
stm32f4xx_it.c:249:6:EXTI2_IRQHandler	8	static
stm32f4xx_it.c:263:6:DMA1_Stream3_IRQHandler	8	static
stm32f4xx_it.c:277:6:TIM3_IRQHandler	8	static
stm32f4xx_it.c:291:6:I2C1_EV_IRQHandler	8	static
stm32f4xx_it.c:305:6:I2C1_ER_IRQHandler	8	static
stm32f4xx_it.c:319:6:USART3_IRQHandler	8	static
stm32f4xx_it.c:333:6:DMA2_Stream1_IRQHandler	8	static
stm32f4xx_it.c:347:6:DCMI_IRQHandler	8	static
