14:45:16 **** Incremental Build of configuration Debug for project Robot_v2 ****
make -j4 all 
arm-none-eabi-gcc "../Core/Src/main.c" -mcpu=cortex-m4 -std=gnu11 -g3 -DUSE_HAL_DRIVER -DDEBUG -DSTM32F407xx -c -I../Drivers/CMSIS/Include -I../Drivers/STM32F4xx_HAL_Driver/Inc -I../Core/Inc -I../Drivers/CMSIS/Device/ST/STM32F4xx/Include -I../Drivers/STM32F4xx_HAL_Driver/Inc/Legacy -O0 -ffunction-sections -fdata-sections -Wall -fstack-usage -MMD -MP -MF"Core/Src/main.d" -MT"Core/Src/main.o" --specs=nano.specs -mfpu=fpv4-sp-d16 -mfloat-abi=hard -mthumb -o "Core/Src/main.o"
arm-none-eabi-gcc -o "Robot_v2.elf" @"objects.list"   -mcpu=cortex-m4 -T"/home/lewy/STM32CubeIDE/workspace_2/Robot_v2/STM32F407VGTX_FLASH.ld" --specs=nosys.specs -Wl,-Map="Robot_v2.map" -Wl,--gc-sections -static --specs=nano.specs -mfpu=fpv4-sp-d16 -mfloat-abi=hard -mthumb -Wl,--start-group -lc -lm -Wl,--end-group
Finished building target: Robot_v2.elf
 
arm-none-eabi-objdump -h -S  Robot_v2.elf  > "Robot_v2.list"
arm-none-eabi-objcopy  -O binary  Robot_v2.elf  "Robot_v2.bin"
arm-none-eabi-size   Robot_v2.elf 
   text	   data	    bss	    dec	    hex	filename
  21368	    532	   1908	  23808	   5d00	Robot_v2.elf
Finished building: Robot_v2.bin
Finished building: default.size.stdout
 
 
Finished building: Robot_v2.list
 

14:45:17 Build Finished. 0 errors, 0 warnings. (took 779ms)

