23:56:46 **** Incremental Build of configuration Debug for project Robo_v6 ****
make -j4 all 
arm-none-eabi-gcc "../Core/Src/main.c" -mcpu=cortex-m4 -std=gnu11 -g3 -DUSE_HAL_DRIVER -DDEBUG -DSTM32F407xx -c -I../Drivers/CMSIS/Include -I../Drivers/STM32F4xx_HAL_Driver/Inc -I../Core/Inc -I../Drivers/CMSIS/Device/ST/STM32F4xx/Include -I../Drivers/STM32F4xx_HAL_Driver/Inc/Legacy -O0 -ffunction-sections -fdata-sections -Wall -fstack-usage -MMD -MP -MF"Core/Src/main.d" -MT"Core/Src/main.o" --specs=nano.specs -mfpu=fpv4-sp-d16 -mfloat-abi=hard -mthumb -o "Core/Src/main.o"
arm-none-eabi-gcc -o "Robo_v6.elf" @"objects.list"   -mcpu=cortex-m4 -T"/home/lewy/STM32CubeIDE/workspace_6_led_ster/Robo_v6/STM32F407VGTX_FLASH.ld" --specs=nosys.specs -Wl,-Map="Robo_v6.map" -Wl,--gc-sections -static --specs=nano.specs -mfpu=fpv4-sp-d16 -mfloat-abi=hard -mthumb -Wl,--start-group -lc -lm -Wl,--end-group
Finished building target: Robo_v6.elf
 
arm-none-eabi-objdump -h -S  Robo_v6.elf  > "Robo_v6.list"
arm-none-eabi-objcopy  -O binary  Robo_v6.elf  "Robo_v6.bin"
arm-none-eabi-size   Robo_v6.elf 
   text	   data	    bss	    dec	    hex	filename
  21804	    532	   1844	  24180	   5e74	Robo_v6.elf
Finished building: default.size.stdout
Finished building: Robo_v6.bin
 
 
Finished building: Robo_v6.list
 

23:56:46 Build Finished. 0 errors, 0 warnings. (took 730ms)

